['XIAO-ESP32S3-Sense v24'] [[-8.973341314413569, -0.24999998509883903, -15.00139995541252], [15.389998977348931, 13.71, 2.7786000445875025]] [24.363340291762498, 13.95999998509884, 17.780000000000022]
['XIAO-ESP32S3-Sense v24', 'Seeed Studio XIAO-ESP32-S3 (Sense)'] [[-8.67334131441358, -0.24999998509883903, -15.00139995541252], [13.808639835740346, 4.210000014901311, 2.7786000445875025]] [22.481981150153928, 4.46000000000015, 17.780000000000022]
['XIAO-ESP32S3-Sense v24', 'Seeed Studio XIAO-ESP32-S3 (Sense)', 'USB TYPE C PORT'] [[5.908639835740259, 0.01000001490113871, -10.588725947072838], [13.808639835740346, 4.210000014901311, -1.6487259470728348]] [7.9000000000000865, 4.2000000000001725, 8.940000000000003]
['XIAO-ESP32S3-Sense v24', 'Seeed Studio XIAO-ESP32-S3 (Sense)', 'Shield'] [[-5.0282905691556605, 0.30000001490116096, -12.4113999554369], [5.5715742312661405, 3.0000000149011603, 0.1886000445999362]] [10.599864800421802, 2.6999999999999993, 12.600000000036836]
['XIAO-ESP32S3-Sense v24', 'Seeed Studio XIAO-ESP32-S3 (Sense)', 'SKTAAAE010 v1'] [[9.1642301772846, 1.00000001490116, -12.844935597359301], [12.2542301772846, 1.7300000149011603, -11.2449355973593]] [3.09, 0.7300000000000002, 1.6000000000000014]
['XIAO-ESP32S3-Sense v24', 'Seeed Studio XIAO-ESP32-S3 (Sense)', 'SKTAAAE010 v1'] [[9.1460896368542, 1.00000001490116, -0.986817789211613], [12.2360896368542, 1.7300000149011603, 0.6131822107883871]] [3.09, 0.7300000000000002, 1.6]
['XIAO-ESP32S3-Sense v24', 'Seeed Studio XIAO-ESP32-S3 (Sense)', 'U.FL-R-SMT-1_10_ v1'] [[-8.45174173360253, 1.00000001490116, -12.3880785693804], [-5.45174173360253, 2.2500000149011603, -9.2880785693804]] [3.0, 1.2500000000000002, 3.1000000000000014]
['XIAO-ESP32S3-Sense v24', 'Seeed Studio XIAO-ESP32-S3 (Sense)', 'DF40C-30DP-0.4V_51_ v1'] [[-8.40671358998007, 1.000000014901162, -7.722650439281112], [-5.436713589980057, 2.140000014901171, -0.20265043928110804]] [2.970000000000013, 1.140000000000009, 7.520000000000004]
['XIAO-ESP32S3-Sense v24', 'Seeed Studio XIAO-ESP32-S3 (Sense)', 'SOLID'] [[-8.67334131441358, -0.24999998509883903, -15.00139995541252], [12.28165868558642, 1.00000001490116, 2.7786000445875025]] [20.955, 1.2499999999999991, 17.780000000000022]
['XIAO-ESP32S3-Sense v24', 'Sense Expansion Board'] [[-8.973341314413569, 1.030000014901168, -14.5013999554125], [15.389998977348931, 8.250000100000005, 2.2786000445875]] [24.363340291762498, 7.220000085098837, 16.78]
['XIAO-ESP32S3-Sense v24', 'Sense Expansion Board', 'DF40HC(3.0)-30DS'] [[-8.411713589980064, 1.030000014901168, -8.262650439281122], [-5.031713589980057, 3.930000014901172, 0.3373495607188819]] [3.380000000000007, 2.900000000000004, 8.600000000000005]
['XIAO-ESP32S3-Sense v24', 'Sense Expansion Board', '10067099-200LF v1'] [[0.10769671261508916, 5.130000014901135, -12.084590321694959], [5.607697523159071, 7.7800001149011395, -0.6845862617079558]] [5.500000810543981, 2.650000100000004, 11.400004059987003]
['XIAO-ESP32S3-Sense v24', 'Sense Expansion Board', 'PCB'] [[-8.973341314413569, 3.9300000149011693, -14.5013999554125], [5.703158685586431, 5.180000014901174, 2.2786000445875]] [14.6765, 1.2500000000000049, 16.78]
['XIAO-ESP32S3-Sense v24', 'Sense Expansion Board', 'MicroSD v2'] [[0.3299989773489292, 6.599999999999971, -12.516708290112552], [15.389998977348931, 8.250000100000005, -1.3367080901125494]] [15.060000000000002, 1.6500001000000335, 11.180000200000002]
['XIAO-ESP32S3-Sense v24', 'Sense Expansion Board', 'JUSHUO AFC01-S24FCA-00'] [[-8.843105571855661, 5.170000014901149, -14.179721858304502], [-2.8431054718556568, 7.180000114901167, 2.0202781416955027]] [6.000000100000005, 2.0100001000000187, 16.200000000000003]
['XIAO-ESP32S3-Sense v24', 'Camer Module'] [[-7.2, 5.5999998999999985, -13.0], [12.75, 13.71, -0.5]] [19.95, 8.110000100000002, 12.5]
camera_removed_without_sd {'bounds_mm': [[-8.973341314413569, -0.24999998509883903, -15.00139995541252], [13.808639835740346, 7.7800001149011395, 2.7786000445875025]], 'dimensions_mm': [22.781981150153914, 8.03000009999998, 17.780000000000022], 'source_to_centered_flat_matrix': [[1.0, 0.0, 0.0, -2.4176492606633886], [0.0, 0.0, -1.0, -6.111399955412509], [0.0, 1.0, 0.0, -3.7650000649011504], [0.0, 0.0, 0.0, 1.0]], 'centered_flat_dimensions_mm': [22.781981150153914, 17.780000000000022, 8.03000009999998]}
camera_removed_with_sd {'bounds_mm': [[-8.973341314413569, -0.24999998509883903, -15.00139995541252], [15.389998977348931, 8.250000100000005, 2.7786000445875025]], 'dimensions_mm': [24.363340291762498, 8.500000085098844, 17.780000000000022], 'source_to_centered_flat_matrix': [[1.0, 0.0, 0.0, -3.208328831467681], [0.0, 0.0, -1.0, -6.111399955412509], [0.0, 1.0, 0.0, -4.000000057450583], [0.0, 0.0, 0.0, 1.0]], 'centered_flat_dimensions_mm': [24.363340291762498, 17.780000000000022, 8.500000085098844]}
fpc_connector {'bounds_mm': [[-8.843105571855661, 5.170000014901149, -14.179721858304502], [-2.8431054718556568, 7.180000114901167, 2.0202781416955027]], 'center_mm': [-5.843105521855659, 6.175000064901158, -6.0797218583045], 'insertion_axis': 'STEP X (sign must be checked on actual locking flap / cable; not asserted)', 'note': '2023 manufacturer assembly; opening-plane exact position and replacement OV3660 FPC free length UNVERIFIED'}
limitations ['STEP contains open surfaces: component STLs are for viewing, box envelopes are watertight', 'USB protrusion included; plugged-in cable envelope is separate', 'No camera, no antenna lead, no external header solder joints in these envelopes', 'Use actual purchased board revision and FPC dimensions before releasing a holder']
