/Users/uratayuuki/Documents/Tachikoma/.venv/lib/python3.11/site-packages/trimesh/triangles.py:302: RuntimeWarning: invalid value encountered in divide
  center_mass = integrated[1:4] / volume
/Users/uratayuuki/Documents/Tachikoma/.venv/lib/python3.11/site-packages/trimesh/triangles.py:302: RuntimeWarning: invalid value encountered in divide
  center_mass = integrated[1:4] / volume
holding 26 hull pairs 13 real intersecting pairs
zero 24 hull pairs 15 real intersecting pairs
walk_00 24 hull pairs 13 real intersecting pairs
walk_01 25 hull pairs 13 real intersecting pairs
walk_02 25 hull pairs 14 real intersecting pairs
walk_03 25 hull pairs 13 real intersecting pairs
walk_04 24 hull pairs 13 real intersecting pairs
walk_05 26 hull pairs 14 real intersecting pairs
walk_06 26 hull pairs 14 real intersecting pairs
walk_07 26 hull pairs 13 real intersecting pairs
walk_08 26 hull pairs 13 real intersecting pairs
walk_09 25 hull pairs 13 real intersecting pairs
walk_10 25 hull pairs 14 real intersecting pairs
walk_11 25 hull pairs 14 real intersecting pairs
walk_12 25 hull pairs 13 real intersecting pairs
walk_13 26 hull pairs 13 real intersecting pairs
walk_14 26 hull pairs 13 real intersecting pairs
walk_15 25 hull pairs 13 real intersecting pairs
