/Users/uratayuuki/Documents/Tachikoma/.venv/lib/python3.11/site-packages/trimesh/triangles.py:302: RuntimeWarning: invalid value encountered in divide
  center_mass = integrated[1:4] / volume
holding 30 hull pairs 22 real intersecting pairs
zero 26 hull pairs 18 real intersecting pairs
walk_00 27 hull pairs 17 real intersecting pairs
walk_01 27 hull pairs 17 real intersecting pairs
walk_02 27 hull pairs 17 real intersecting pairs
walk_03 28 hull pairs 17 real intersecting pairs
walk_04 28 hull pairs 18 real intersecting pairs
walk_05 28 hull pairs 19 real intersecting pairs
walk_06 28 hull pairs 20 real intersecting pairs
walk_07 29 hull pairs 21 real intersecting pairs
walk_08 30 hull pairs 22 real intersecting pairs
walk_09 29 hull pairs 22 real intersecting pairs
walk_10 28 hull pairs 21 real intersecting pairs
walk_11 28 hull pairs 21 real intersecting pairs
walk_12 29 hull pairs 19 real intersecting pairs
walk_13 28 hull pairs 18 real intersecting pairs
walk_14 27 hull pairs 16 real intersecting pairs
walk_15 27 hull pairs 17 real intersecting pairs
