native_nominal PASS roll 3.56 pitch 1.88 power {'mean': 1.305166177259427, 'max': 34.35265060042225, 'p95': 4.318693449640306} self initial mm 0
back PASS roll 3.66 pitch 2.8 power {'mean': 1.3594417661228329, 'max': 34.517378689555585, 'p95': 4.298152377158006} self initial mm 0
right PASS roll 3.66 pitch 1.69 power {'mean': 1.3994095444845283, 'max': 34.520229900128456, 'p95': 4.490242898796835} self initial mm 0
left PASS roll 3.57 pitch 1.38 power {'mean': 1.377413387305001, 'max': 34.3731647230387, 'p95': 4.429990085640582} self initial mm 0
turn_ccw PASS roll 3.6 pitch 1.58 power {'mean': 1.189998240123492, 'max': 34.584285492764344, 'p95': 3.6349273753582496} self initial mm 0
turn_cw PASS roll 3.84 pitch 1.58 power {'mean': 1.4035376932223558, 'max': 33.76090802860839, 'p95': 4.501524362904213} self initial mm 0
compound FAIL roll 3.75 pitch 1.8 power {'mean': 1.2489423214830015, 'max': 34.30827863249103, 'p95': 3.945937338028157} self initial mm 0
height_110 PASS roll 3.46 pitch 1.95 power {'mean': 1.3130702958587859, 'max': 35.615236284589464, 'p95': 4.358441877583227} self initial mm 0
height_120 PASS roll 3.5 pitch 1.82 power {'mean': 1.280240919547863, 'max': 33.62542201451124, 'p95': 4.344965113127695} self initial mm 0
height_125 PASS roll 3.79 pitch 1.7 power {'mean': 1.2795681344430454, 'max': 33.57402214827643, 'p95': 4.2822685142573125} self initial mm 0
height_130 PASS roll 3.86 pitch 1.57 power {'mean': 1.3010476826063102, 'max': 32.631186407749645, 'p95': 4.2475577743068245} self initial mm 0
height_changes PASS roll 3.18 pitch 2.17 power {'mean': 1.6153346474135892, 'max': 33.14137666757486, 'p95': 4.553862125607723} self initial mm 0
abrupt_reverse PASS roll 3.66 pitch 1.88 power {'mean': 1.5057189277875078, 'max': 22.885172576046447, 'p95': 4.440427746304052} self initial mm 0
zero_direct PASS roll 3.56 pitch 1.88 power {'mean': 1.3948209306773949, 'max': 39.751033592789526, 'p95': 4.575699089638495} self initial mm 0
zero_sequential FALL roll 43.44 pitch 15.8 power {'mean': 1.585380162624522, 'max': 34.30853857123337, 'p95': 4.826776064610307} self initial mm 0
stop_phase_00 PASS roll 3.14 pitch 1.91 power {'mean': 1.3544623314788693, 'max': 31.66127411034653, 'p95': 4.5940048130176265} self initial mm 0
stop_phase_01 PASS roll 3.14 pitch 1.88 power {'mean': 1.230992084460986, 'max': 21.82199962199255, 'p95': 4.132479684611433} self initial mm 0
stop_phase_02 PASS roll 3.14 pitch 1.89 power {'mean': 1.2365282873135717, 'max': 21.82199962199255, 'p95': 4.123733538351537} self initial mm 0
stop_phase_03 PASS roll 3.14 pitch 1.88 power {'mean': 1.2281349440783578, 'max': 21.82199962199255, 'p95': 4.124660203925558} self initial mm 0
stop_phase_04 PASS roll 3.14 pitch 1.88 power {'mean': 1.2293595527891514, 'max': 21.82199962199255, 'p95': 4.135821098687755} self initial mm 0
stop_phase_05 PASS roll 3.14 pitch 1.88 power {'mean': 1.2257890477285958, 'max': 21.82199962199255, 'p95': 4.101529880534165} self initial mm 0
stop_phase_06 PASS roll 3.54 pitch 1.88 power {'mean': 1.214706289089674, 'max': 21.82199962199255, 'p95': 4.073374999009139} self initial mm 0
stop_phase_07 PASS roll 3.82 pitch 1.88 power {'mean': 1.218423523247136, 'max': 21.82199962199255, 'p95': 4.119227347523631} self initial mm 0
stop_phase_08 PASS roll 3.14 pitch 1.88 power {'mean': 1.2377446660776457, 'max': 21.82199962199255, 'p95': 4.137998911172059} self initial mm 0
stop_phase_09 PASS roll 3.14 pitch 1.88 power {'mean': 1.2540878343909254, 'max': 21.82199962199255, 'p95': 4.128656533537895} self initial mm 0
stop_phase_10 PASS roll 3.14 pitch 1.88 power {'mean': 1.2618540371671945, 'max': 21.82199962199255, 'p95': 4.104749472223823} self initial mm 0
stop_phase_11 PASS roll 3.14 pitch 1.88 power {'mean': 1.260795712363671, 'max': 21.82199962199255, 'p95': 4.122457872513113} self initial mm 0
stop_phase_12 PASS roll 3.14 pitch 1.88 power {'mean': 1.2773210943822821, 'max': 21.82199962199255, 'p95': 4.170282635255413} self initial mm 0
stop_phase_13 PASS roll 3.14 pitch 1.88 power {'mean': 1.2786980280650635, 'max': 21.82199962199255, 'p95': 4.159149350410901} self initial mm 0
stop_phase_14 PASS roll 3.14 pitch 1.88 power {'mean': 1.2602391304798695, 'max': 21.82199962199255, 'p95': 4.1249194160723395} self initial mm 0
stop_phase_15 PASS roll 3.14 pitch 1.88 power {'mean': 1.2580393238136087, 'max': 21.82199962199255, 'p95': 4.136196711286413} self initial mm 0
slope_-10 PASS roll 17.95 pitch 3.42 power {'mean': 1.2974089843583165, 'max': 33.38363333725038, 'p95': 4.094631097319449} self initial mm 0
slope_-5 PASS roll 9.98 pitch 2.27 power {'mean': 1.297887312845531, 'max': 33.64157843866081, 'p95': 4.227121929493814} self initial mm 0
slope_5 PASS roll 7.18 pitch 2.11 power {'mean': 1.32021108298127, 'max': 34.41853954384042, 'p95': 4.440366090528689} self initial mm 0
slope_10 FALL roll 55.19 pitch 8.68 power {'mean': 1.612748285967749, 'max': 33.368756791951505, 'p95': 5.243735080928146} self initial mm 0
step_2 PASS roll 3.14 pitch 1.88 power {'mean': 1.3053976245375223, 'max': 34.26661121464098, 'p95': 4.319561521722246} self initial mm 0
step_5 PASS roll 3.39 pitch 1.88 power {'mean': 1.3107171504019586, 'max': 34.342216004135295, 'p95': 4.309588078244583} self initial mm 0
step_10 PASS roll 5.73 pitch 1.94 power {'mean': 1.3226258420619463, 'max': 34.137552315439635, 'p95': 4.3070068889145965} self initial mm 0
push_2N PASS roll 3.56 pitch 1.88 power {'mean': 1.3067335535958298, 'max': 34.352930706662065, 'p95': 4.31255812158596} self initial mm 0
push_5N PASS roll 3.56 pitch 1.88 power {'mean': 1.3076193286252382, 'max': 34.351948338979795, 'p95': 4.316193193792598} self initial mm 0
push_10N PASS roll 3.56 pitch 1.88 power {'mean': 1.3056480254956255, 'max': 34.34917034075669, 'p95': 4.282516284407147} self initial mm 0
mass_scale_0.7 PASS roll 3.94 pitch 1.83 power {'mean': 1.0506461354546754, 'max': 34.00664237730014, 'p95': 3.8880409705526904} self initial mm 0
mass_scale_1.3 PASS roll 3.13 pitch 1.83 power {'mean': 1.5494846054110942, 'max': 34.011667462336476, 'p95': 4.840601018042175} self initial mm 0
effort_scale_0.5 FAIL roll 3.92 pitch 1.82 power {'mean': 1.2542781771902498, 'max': 16.079396222284927, 'p95': 4.048706050838294} self initial mm 0
effort_scale_0.7 PASS roll 3.72 pitch 1.88 power {'mean': 1.2829866506563659, 'max': 23.201144166531595, 'p95': 4.213006636695789} self initial mm 0
effort_scale_0.9 PASS roll 3.48 pitch 1.88 power {'mean': 1.299187580754838, 'max': 31.154917463641908, 'p95': 4.320613917315865} self initial mm 0
velocity_scale_0.5 PASS roll 3.87 pitch 1.88 power {'mean': 1.2551701085589115, 'max': 18.615513674481292, 'p95': 4.166565655118073} self initial mm 0
velocity_scale_0.75 PASS roll 3.49 pitch 1.88 power {'mean': 1.2906312475101143, 'max': 29.31553753752316, 'p95': 4.315653910497053} self initial mm 0
WARNING: Nan, Inf or huge value in QACC at DOF 0. The simulation is unstable. Time = 0.7480.

friction_0 NUMERICAL_FAILURE roll 179.27 pitch 87.57 power {'mean': 11391.604995304771, 'max': 4170162.028466576, 'p95': 28.0600378781456} self initial mm 0
friction_0.15 PASS roll 2.14 pitch 1.31 power {'mean': 1.335705251991801, 'max': 33.79583317090214, 'p95': 4.01383572341944} self initial mm 0
friction_0.3 PASS roll 2.47 pitch 1.38 power {'mean': 1.2903393855617937, 'max': 33.099484839778064, 'p95': 3.994429373059297} self initial mm 0
friction_0.6 PASS roll 3.2 pitch 1.74 power {'mean': 1.259824209584385, 'max': 33.377320160043276, 'p95': 4.125767707514353} self initial mm 0
combined_stress FAIL roll 1.7 pitch 2.13 power {'mean': 1.5158173592343442, 'max': 19.810650390796972, 'p95': 4.1366966498408155} self initial mm 0
long_60 PASS roll 3.14 pitch 1.88 power {'mean': 1.4627532793763587, 'max': 21.82199962199255, 'p95': 4.28204325608146} self initial mm 0
long_180 FAIL roll 3.14 pitch 1.88 power {'mean': 1.476144955104479, 'max': 21.82199962199255, 'p95': 4.302198059642} self initial mm 0
timestep_half PASS roll 3.73 pitch 1.87 power {'mean': 1.2837817936160654, 'max': 31.466077102750482, 'p95': 4.186420240825739} self initial mm 0
self_linked-hulls_nonparent INVALID_INITIAL_CONTACT_MODEL roll 3.61 pitch 1.11 power {'mean': 0.13685930771864052, 'max': 0.5332229660312781, 'p95': 0.4451957863831831} self initial mm 8.885541060736246
self_linked-hulls_all INVALID_INITIAL_CONTACT_MODEL roll 3.9 pitch 0.98 power {'mean': 0.6820902872654376, 'max': 2.310990939160987, 'p95': 1.6026632425960694} self initial mm 24.62645679891068
self_parts_nonparent INVALID_INITIAL_CONTACT_MODEL roll 102.58 pitch 3.79 power {'mean': 3.1264556054080317, 'max': 16.291222199857923, 'p95': 11.454020795595335} self initial mm 9.044019451437778
self_parts_all INVALID_INITIAL_CONTACT_MODEL roll 179.63 pitch 22.9 power {'mean': 9.318611489908978, 'max': 61.80742846521705, 'p95': 48.38453310673362} self initial mm 19.02939531901515
self_vhacd_nonparent INVALID_INITIAL_CONTACT_MODEL roll 83.53 pitch 12.91 power {'mean': 2.499396437622527, 'max': 11.436890718431766, 'p95': 7.48133530681715} self initial mm 6.856205754612016
self_vhacd_all INVALID_INITIAL_CONTACT_MODEL roll 39.67 pitch 2.29 power {'mean': 1.728326376465694, 'max': 10.54567638624116, 'p95': 7.962074207781035} self initial mm 10.01122021539235
contact_parts PASS roll 2.52 pitch 1.5 power {'mean': 1.2733895054894024, 'max': 31.879173275839744, 'p95': 4.1303859635475195} self initial mm 0
contact_parts_uniform PASS roll 3.54 pitch 1.94 power {'mean': 1.2789453235480457, 'max': 34.55196948270604, 'p95': 4.336337448518203} self initial mm 0
contact_vhacd PASS roll 2.53 pitch 1.5 power {'mean': 1.2730290451979418, 'max': 31.870959734193725, 'p95': 4.149150668179374} self initial mm 0
contact_vhacd_uniform PASS roll 3.51 pitch 1.95 power {'mean': 1.2784993530023194, 'max': 34.313820490915774, 'p95': 4.311270700267576} self initial mm 0
