native_nominal PASS roll 4.24 pitch 2.3 power {'mean': 1.3081073100122274, 'max': 35.63156937314717, 'p95': 4.426866263232315} self initial mm 0
back PASS roll 4.27 pitch 3.0 power {'mean': 1.3744688513314365, 'max': 35.70682760618688, 'p95': 4.455312372440883} self initial mm 0
right PASS roll 4.18 pitch 2.11 power {'mean': 1.4118979161948135, 'max': 35.515997085657766, 'p95': 4.535204539092922} self initial mm 0
left PASS roll 4.28 pitch 1.79 power {'mean': 1.3921140678625783, 'max': 35.73954799444814, 'p95': 4.484454982594975} self initial mm 0
turn_ccw PASS roll 4.34 pitch 1.96 power {'mean': 1.201384999447487, 'max': 36.30663569432787, 'p95': 3.727285052047357} self initial mm 0
turn_cw PASS roll 4.44 pitch 1.95 power {'mean': 1.4134303954852867, 'max': 35.448272120707536, 'p95': 4.5372901173989675} self initial mm 0
compound PASS roll 4.42 pitch 2.21 power {'mean': 1.2642160761564711, 'max': 35.85818449691771, 'p95': 3.9891345558227393} self initial mm 0
height_110 PASS roll 4.08 pitch 2.4 power {'mean': 1.3183054631111466, 'max': 36.556369372536935, 'p95': 4.495100430462544} self initial mm 0
height_120 PASS roll 4.21 pitch 2.21 power {'mean': 1.2947532081252922, 'max': 34.92120800624704, 'p95': 4.41567290428554} self initial mm 0
height_125 PASS roll 4.43 pitch 2.07 power {'mean': 1.2963792887746086, 'max': 34.3674292295729, 'p95': 4.408842500796518} self initial mm 0
height_130 PASS roll 4.74 pitch 1.83 power {'mean': 1.3131977417398546, 'max': 34.44873869283412, 'p95': 4.369026952290662} self initial mm 0
height_changes PASS roll 4.14 pitch 2.57 power {'mean': 1.6075032062675736, 'max': 34.53463026722752, 'p95': 4.63015073195269} self initial mm 0
abrupt_reverse PASS roll 4.14 pitch 2.3 power {'mean': 1.5165072126297292, 'max': 23.590164856940202, 'p95': 4.512323383244352} self initial mm 0
zero_direct PASS roll 4.2 pitch 2.3 power {'mean': 1.4095863257491805, 'max': 35.61931255380371, 'p95': 4.61899234711662} self initial mm 0
zero_sequential FALL roll 44.85 pitch 17.82 power {'mean': 1.55776257112357, 'max': 35.84817823997769, 'p95': 4.800616883621948} self initial mm 0
stop_phase_00 PASS roll 4.06 pitch 2.3 power {'mean': 1.364319164397022, 'max': 32.85284063935962, 'p95': 4.710290917447613} self initial mm 0
stop_phase_01 PASS roll 4.06 pitch 2.3 power {'mean': 1.2351809529758715, 'max': 22.87463513906123, 'p95': 4.2533550164023} self initial mm 0
stop_phase_02 PASS roll 4.06 pitch 2.3 power {'mean': 1.2350572625132465, 'max': 22.87463513906123, 'p95': 4.199668146406106} self initial mm 0
stop_phase_03 PASS roll 4.06 pitch 2.3 power {'mean': 1.2289281768017977, 'max': 22.87463513906123, 'p95': 4.221798149168986} self initial mm 0
stop_phase_04 PASS roll 4.06 pitch 2.3 power {'mean': 1.2257500285220757, 'max': 22.87463513906123, 'p95': 4.246948154655982} self initial mm 0
stop_phase_05 PASS roll 4.06 pitch 2.3 power {'mean': 1.223648418709623, 'max': 22.87463513906123, 'p95': 4.209434646537293} self initial mm 0
stop_phase_06 PASS roll 4.4 pitch 2.3 power {'mean': 1.2105916926408515, 'max': 22.87463513906123, 'p95': 4.187340082661541} self initial mm 0
stop_phase_07 PASS roll 4.52 pitch 2.3 power {'mean': 1.21552158374753, 'max': 22.87463513906123, 'p95': 4.219658227770585} self initial mm 0
stop_phase_08 PASS roll 4.06 pitch 2.3 power {'mean': 1.2385832184214711, 'max': 22.87463513906123, 'p95': 4.271928567542184} self initial mm 0
stop_phase_09 PASS roll 4.06 pitch 2.3 power {'mean': 1.2542814568473144, 'max': 22.87463513906123, 'p95': 4.26754828911409} self initial mm 0
stop_phase_10 PASS roll 4.06 pitch 2.3 power {'mean': 1.2551756828473735, 'max': 22.87463513906123, 'p95': 4.195671055468309} self initial mm 0
stop_phase_11 PASS roll 4.06 pitch 2.3 power {'mean': 1.2578565179115875, 'max': 22.87463513906123, 'p95': 4.226013401777691} self initial mm 0
stop_phase_12 PASS roll 4.06 pitch 2.3 power {'mean': 1.2694748381475256, 'max': 22.87463513906123, 'p95': 4.29263938594539} self initial mm 0
stop_phase_13 PASS roll 4.06 pitch 2.3 power {'mean': 1.272653893386849, 'max': 22.87463513906123, 'p95': 4.296083892805094} self initial mm 0
stop_phase_14 PASS roll 4.06 pitch 2.3 power {'mean': 1.253048550724626, 'max': 22.87463513906123, 'p95': 4.204110604451261} self initial mm 0
stop_phase_15 PASS roll 4.06 pitch 2.3 power {'mean': 1.2539189356272402, 'max': 22.87463513906123, 'p95': 4.243484612378143} self initial mm 0
slope_-10 PASS roll 18.88 pitch 4.3 power {'mean': 1.2975901410937847, 'max': 34.541677878612056, 'p95': 4.155606593506181} self initial mm 0
slope_-5 PASS roll 10.48 pitch 2.83 power {'mean': 1.2986113456107231, 'max': 35.10361010809216, 'p95': 4.2719922126897485} self initial mm 0
slope_5 PASS roll 7.31 pitch 2.9 power {'mean': 1.351095614439294, 'max': 35.42289866043357, 'p95': 4.543549899476889} self initial mm 0
slope_10 FALL roll 56.8 pitch 8.25 power {'mean': 1.6582255244125699, 'max': 34.14257016552282, 'p95': 5.310086459178783} self initial mm 0
step_2 PASS roll 4.06 pitch 2.3 power {'mean': 1.3063673346346376, 'max': 35.43730215922019, 'p95': 4.432519891630179} self initial mm 0
step_5 PASS roll 4.06 pitch 2.3 power {'mean': 1.3278659708557792, 'max': 35.232450234399295, 'p95': 4.421411536361931} self initial mm 0
step_10 PASS roll 7.05 pitch 2.7 power {'mean': 1.3536745316785601, 'max': 33.730485115145704, 'p95': 4.487425805533437} self initial mm 0
push_2N PASS roll 4.24 pitch 2.3 power {'mean': 1.3091426816092115, 'max': 35.63149964726987, 'p95': 4.426922007899193} self initial mm 0
push_5N PASS roll 4.2 pitch 2.3 power {'mean': 1.3096064820707451, 'max': 35.628582938640946, 'p95': 4.4240600686056375} self initial mm 0
push_10N PASS roll 4.2 pitch 2.3 power {'mean': 1.3072518832695215, 'max': 35.61878614816249, 'p95': 4.366861628399497} self initial mm 0
mass_scale_0.7 PASS roll 4.86 pitch 2.19 power {'mean': 1.0558615958978232, 'max': 34.93990228847008, 'p95': 3.9650925767188476} self initial mm 0
mass_scale_1.3 PASS roll 3.68 pitch 2.23 power {'mean': 1.54777329423308, 'max': 35.00179654712122, 'p95': 4.949508663947099} self initial mm 0
effort_scale_0.5 FAIL roll 4.66 pitch 2.23 power {'mean': 1.264080339124736, 'max': 17.199819023941224, 'p95': 4.123201040527713} self initial mm 0
effort_scale_0.7 PASS roll 4.37 pitch 2.3 power {'mean': 1.283319988762985, 'max': 24.336389062383233, 'p95': 4.350122393133495} self initial mm 0
effort_scale_0.9 PASS roll 4.02 pitch 2.3 power {'mean': 1.3026623750129667, 'max': 32.20113808076789, 'p95': 4.407227905255257} self initial mm 0
velocity_scale_0.5 PASS roll 4.45 pitch 2.3 power {'mean': 1.261404602066831, 'max': 19.98101938721582, 'p95': 4.318440938731846} self initial mm 0
velocity_scale_0.75 PASS roll 4.09 pitch 2.3 power {'mean': 1.2949360571755697, 'max': 31.338332920929314, 'p95': 4.407169854841258} self initial mm 0
WARNING: Nan, Inf or huge value in QACC at DOF 4. The simulation is unstable. Time = 0.0760.

friction_0 NUMERICAL_FAILURE roll 99.99 pitch 69.43 power {'mean': 10246.908276089629, 'max': 327803.6188126581, 'p95': 16460.007427979428} self initial mm 0
friction_0.15 PASS roll 2.67 pitch 1.66 power {'mean': 1.2965592359111098, 'max': 34.05288548405344, 'p95': 3.9581778165514243} self initial mm 0
friction_0.3 PASS roll 3.09 pitch 1.78 power {'mean': 1.2570734943462896, 'max': 33.89266082085635, 'p95': 4.039380489974444} self initial mm 0
friction_0.6 PASS roll 3.77 pitch 2.04 power {'mean': 1.2474168520956461, 'max': 36.41160291606184, 'p95': 4.215017032082524} self initial mm 0
combined_stress FAIL roll 2.42 pitch 1.72 power {'mean': 1.4880471401601534, 'max': 20.71751778712939, 'p95': 4.1928881544575916} self initial mm 0
long_60 PASS roll 4.06 pitch 2.3 power {'mean': 1.4546920549266211, 'max': 22.87463513906123, 'p95': 4.402705690974955} self initial mm 0
long_180 PASS roll 4.06 pitch 2.3 power {'mean': 1.467098647400479, 'max': 22.87463513906123, 'p95': 4.4031185212698505} self initial mm 0
timestep_half PASS roll 4.27 pitch 2.29 power {'mean': 1.2874225735068605, 'max': 32.79888433602026, 'p95': 4.285059643352024} self initial mm 0
self_linked-hulls_nonparent INVALID_INITIAL_CONTACT_MODEL roll 4.12 pitch 1.14 power {'mean': 0.15949931137867157, 'max': 0.65537481841461, 'p95': 0.5303867455656797} self initial mm 9.025649586429287
self_linked-hulls_all INVALID_INITIAL_CONTACT_MODEL roll 4.89 pitch 0.64 power {'mean': 0.40137199764995857, 'max': 1.4742706249826805, 'p95': 0.9544572094936772} self initial mm 24.61104067606077
self_parts_nonparent INVALID_INITIAL_CONTACT_MODEL roll 84.42 pitch 2.24 power {'mean': 3.3125842022484018, 'max': 13.777370124410657, 'p95': 10.021055629406234} self initial mm 9.146693564939147
self_parts_all INVALID_INITIAL_CONTACT_MODEL roll 178.38 pitch 80.21 power {'mean': 8.892431381200995, 'max': 80.07200105892953, 'p95': 38.391227250483915} self initial mm 19.039408597568624
self_vhacd_nonparent INVALID_INITIAL_CONTACT_MODEL roll 76.51 pitch 14.35 power {'mean': 3.10162458878561, 'max': 12.848806299517992, 'p95': 9.005323869418303} self initial mm 6.844497743198453
self_vhacd_all INVALID_INITIAL_CONTACT_MODEL roll 45.22 pitch 7.8 power {'mean': 1.2334410918020422, 'max': 6.5128911819021935, 'p95': 4.712831625800806} self initial mm 10.000679869200747
contact_parts PASS roll 3.07 pitch 1.89 power {'mean': 1.2480415138686498, 'max': 32.68933309764304, 'p95': 4.210911531931999} self initial mm 0
contact_parts_uniform PASS roll 4.53 pitch 2.41 power {'mean': 1.308913394035496, 'max': 35.826628507262164, 'p95': 4.434240290665026} self initial mm 0
contact_vhacd PASS roll 3.11 pitch 1.89 power {'mean': 1.248888919110152, 'max': 33.50392682398319, 'p95': 4.1841245885919145} self initial mm 0
contact_vhacd_uniform PASS roll 4.5 pitch 2.41 power {'mean': 1.3097463635494904, 'max': 35.98323455477572, 'p95': 4.418213323489335} self initial mm 0
voltage_5.0 PASS roll 4.0 pitch 2.3 power {'mean': 1.3000187765776188, 'max': 31.47391972869433, 'p95': 4.396778367008589} self initial mm 0
voltage_5.5 PASS roll 4.12 pitch 2.3 power {'mean': 1.3036563460430912, 'max': 33.729849074845276, 'p95': 4.396471396885588} self initial mm 0
voltage_6.0 PASS roll 4.24 pitch 2.3 power {'mean': 1.3081073100122274, 'max': 35.63156937314717, 'p95': 4.426866263232315} self initial mm 0
servos_self_parts INVALID_INITIAL_CONTACT_MODEL roll 86.23 pitch 14.12 power {'mean': 10.827196732224513, 'max': 73.50810604739917, 'p95': 50.674782231459254} self initial mm 19.039408597568624
servos_self_vhacd INVALID_INITIAL_CONTACT_MODEL roll 42.69 pitch 0.82 power {'mean': 1.1589632396140068, 'max': 7.75355367137633, 'p95': 6.410686520078346} self initial mm 13.783456361322473
SCENARIO RESULTS: {'FAIL': 2, 'FALL': 2, 'INVALID_INITIAL_CONTACT_MODEL': 8, 'NUMERICAL_FAILURE': 1, 'PASS': 58}
