native_nominal PASS roll 4.23 pitch 2.3 power {'mean': 1.3019356906578614, 'max': 35.67716552223175, 'p95': 4.4148253425843915} self initial mm 0
back PASS roll 4.3 pitch 3.0 power {'mean': 1.369558350083542, 'max': 35.89320898721796, 'p95': 4.455208149383013} self initial mm 0
right PASS roll 4.17 pitch 2.11 power {'mean': 1.4051165707873543, 'max': 35.51706785327474, 'p95': 4.558993692917891} self initial mm 0
left PASS roll 4.28 pitch 1.79 power {'mean': 1.3879993829954373, 'max': 35.73422709038306, 'p95': 4.458883173281377} self initial mm 0
turn_ccw PASS roll 4.37 pitch 1.97 power {'mean': 1.194999583869192, 'max': 36.316299813605724, 'p95': 3.720670911843687} self initial mm 0
turn_cw PASS roll 4.45 pitch 1.95 power {'mean': 1.4052334961524966, 'max': 35.46900187688286, 'p95': 4.524908288328109} self initial mm 0
compound PASS roll 4.35 pitch 2.21 power {'mean': 1.2564002174990743, 'max': 35.86626048185754, 'p95': 3.9855861794224943} self initial mm 0
height_110 PASS roll 4.08 pitch 2.39 power {'mean': 1.3129007415993224, 'max': 36.55292545089805, 'p95': 4.487418760693995} self initial mm 0
height_120 PASS roll 4.21 pitch 2.21 power {'mean': 1.2881826409670796, 'max': 34.92389231048758, 'p95': 4.415347879142197} self initial mm 0
height_125 PASS roll 4.43 pitch 2.07 power {'mean': 1.2907689823250863, 'max': 34.36522821704078, 'p95': 4.390831623705723} self initial mm 0
height_130 PASS roll 4.7 pitch 1.83 power {'mean': 1.3078803132482213, 'max': 34.70885368938675, 'p95': 4.364117272164342} self initial mm 0
height_changes PASS roll 4.07 pitch 2.57 power {'mean': 1.6010350668853943, 'max': 34.54137631085334, 'p95': 4.617726844279341} self initial mm 0
abrupt_reverse PASS roll 4.12 pitch 2.3 power {'mean': 1.5112005083341107, 'max': 23.49676121008973, 'p95': 4.500554174972732} self initial mm 0
zero_direct PASS roll 4.23 pitch 2.3 power {'mean': 1.4023518076390988, 'max': 35.620584612795916, 'p95': 4.600222256654343} self initial mm 0
zero_sequential FALL roll 44.92 pitch 17.72 power {'mean': 1.54577565378672, 'max': 35.884523072806324, 'p95': 4.783103247368463} self initial mm 0
stop_phase_00 PASS roll 3.99 pitch 2.3 power {'mean': 1.357886721977407, 'max': 32.72320990542193, 'p95': 4.681772255933893} self initial mm 0
stop_phase_01 PASS roll 3.99 pitch 2.3 power {'mean': 1.2308439417838875, 'max': 22.892129722105793, 'p95': 4.239096639106368} self initial mm 0
stop_phase_02 PASS roll 3.99 pitch 2.3 power {'mean': 1.2304564133846987, 'max': 22.892129722105793, 'p95': 4.199932466021649} self initial mm 0
stop_phase_03 PASS roll 3.99 pitch 2.3 power {'mean': 1.2228121083343784, 'max': 22.892129722105793, 'p95': 4.200232781767326} self initial mm 0
stop_phase_04 PASS roll 3.99 pitch 2.3 power {'mean': 1.2205264597613008, 'max': 22.892129722105793, 'p95': 4.2447063364793225} self initial mm 0
stop_phase_05 PASS roll 3.99 pitch 2.3 power {'mean': 1.2181816628040343, 'max': 22.892129722105793, 'p95': 4.194346635386806} self initial mm 0
stop_phase_06 PASS roll 4.4 pitch 2.3 power {'mean': 1.2046733990701686, 'max': 22.892129722105793, 'p95': 4.171063111241723} self initial mm 0
stop_phase_07 PASS roll 4.47 pitch 2.3 power {'mean': 1.211210012205281, 'max': 22.892129722105793, 'p95': 4.211044210030215} self initial mm 0
stop_phase_08 PASS roll 3.99 pitch 2.3 power {'mean': 1.2334681444716589, 'max': 22.892129722105793, 'p95': 4.261661667833305} self initial mm 0
stop_phase_09 PASS roll 3.99 pitch 2.3 power {'mean': 1.2490530200083947, 'max': 22.892129722105793, 'p95': 4.255550835050113} self initial mm 0
stop_phase_10 PASS roll 3.99 pitch 2.3 power {'mean': 1.249693932757782, 'max': 22.892129722105793, 'p95': 4.191473350914619} self initial mm 0
stop_phase_11 PASS roll 3.99 pitch 2.3 power {'mean': 1.251711689680281, 'max': 22.892129722105793, 'p95': 4.19851169818505} self initial mm 0
stop_phase_12 PASS roll 3.99 pitch 2.3 power {'mean': 1.263973703081471, 'max': 22.892129722105793, 'p95': 4.300744487507969} self initial mm 0
stop_phase_13 PASS roll 3.99 pitch 2.3 power {'mean': 1.2672342099536875, 'max': 22.892129722105793, 'p95': 4.291654751709976} self initial mm 0
stop_phase_14 PASS roll 3.99 pitch 2.3 power {'mean': 1.2468953673465866, 'max': 22.892129722105793, 'p95': 4.197669775352407} self initial mm 0
stop_phase_15 PASS roll 3.99 pitch 2.3 power {'mean': 1.2485268831030616, 'max': 22.892129722105793, 'p95': 4.246475664115264} self initial mm 0
slope_-10 PASS roll 18.86 pitch 4.3 power {'mean': 1.291451326929987, 'max': 34.488566655926576, 'p95': 4.142959015415688} self initial mm 0
slope_-5 PASS roll 10.39 pitch 2.84 power {'mean': 1.2933167496301048, 'max': 35.06577535271845, 'p95': 4.253948629046485} self initial mm 0
slope_5 PASS roll 7.38 pitch 2.95 power {'mean': 1.3466538785109152, 'max': 35.53074424715957, 'p95': 4.54624223992617} self initial mm 0
slope_10 FALL roll 56.82 pitch 8.25 power {'mean': 1.6505896778109548, 'max': 34.075774058925056, 'p95': 5.280978362241304} self initial mm 0
step_2 PASS roll 3.99 pitch 2.3 power {'mean': 1.3017718487460446, 'max': 35.443558554687755, 'p95': 4.429372211106227} self initial mm 0
step_5 PASS roll 3.99 pitch 2.31 power {'mean': 1.3225418592256184, 'max': 35.22783236520406, 'p95': 4.424974811439183} self initial mm 0
step_10 PASS roll 6.74 pitch 2.71 power {'mean': 1.3451361622013278, 'max': 33.886062283099385, 'p95': 4.45965413803497} self initial mm 0
push_2N PASS roll 4.23 pitch 2.3 power {'mean': 1.303367143117944, 'max': 35.67631650228713, 'p95': 4.419837624705934} self initial mm 0
push_5N PASS roll 4.23 pitch 2.3 power {'mean': 1.3044302218208264, 'max': 35.67300744089301, 'p95': 4.414833802733517} self initial mm 0
push_10N PASS roll 4.23 pitch 2.3 power {'mean': 1.3016297835514532, 'max': 35.61822261498903, 'p95': 4.340447602508862} self initial mm 0
mass_scale_0.7 PASS roll 4.85 pitch 2.19 power {'mean': 1.0526649065161076, 'max': 34.933518861316614, 'p95': 3.97090433084116} self initial mm 0
mass_scale_1.3 PASS roll 3.69 pitch 2.24 power {'mean': 1.5423212472109398, 'max': 34.988620932998515, 'p95': 4.953614868319485} self initial mm 0
effort_scale_0.5 FAIL roll 4.59 pitch 2.24 power {'mean': 1.258020009532043, 'max': 17.19617285864579, 'p95': 4.120335301314472} self initial mm 0
effort_scale_0.7 PASS roll 4.3 pitch 2.3 power {'mean': 1.2792007337909148, 'max': 24.366499533312226, 'p95': 4.316284067826378} self initial mm 0
effort_scale_0.9 PASS roll 4.02 pitch 2.3 power {'mean': 1.2977370310107303, 'max': 32.20282981620414, 'p95': 4.378653341176059} self initial mm 0
velocity_scale_0.5 PASS roll 4.4 pitch 2.3 power {'mean': 1.2573320130610006, 'max': 19.983211992432548, 'p95': 4.294032614542582} self initial mm 0
velocity_scale_0.75 PASS roll 4.09 pitch 2.3 power {'mean': 1.2893236321642039, 'max': 31.36167861152334, 'p95': 4.396741091358445} self initial mm 0
friction_0 FALL roll 179.8 pitch 88.97 power {'mean': 1.844018097677948, 'max': 36.303386525315986, 'p95': 7.975886883199607} self initial mm 0
friction_0.15 PASS roll 2.71 pitch 1.66 power {'mean': 1.290291986295947, 'max': 34.35187833209229, 'p95': 3.9837254683028864} self initial mm 0
friction_0.3 PASS roll 3.14 pitch 1.79 power {'mean': 1.2559621982930063, 'max': 35.712040139235654, 'p95': 4.028556665989723} self initial mm 0
friction_0.6 PASS roll 3.81 pitch 2.04 power {'mean': 1.244008999170178, 'max': 34.10958774449316, 'p95': 4.19221711207814} self initial mm 0
combined_stress FAIL roll 2.53 pitch 1.76 power {'mean': 1.4779883383341264, 'max': 21.16597182878455, 'p95': 4.196102595763755} self initial mm 0
long_60 PASS roll 3.99 pitch 2.3 power {'mean': 1.4476752963167647, 'max': 22.892129722105793, 'p95': 4.376095338411294} self initial mm 0
long_180 PASS roll 3.99 pitch 2.3 power {'mean': 1.461110427620017, 'max': 22.892129722105793, 'p95': 4.403956974529286} self initial mm 0
timestep_half PASS roll 4.29 pitch 2.29 power {'mean': 1.279245198693427, 'max': 32.79500629792601, 'p95': 4.262083803779708} self initial mm 0
self_linked-hulls_nonparent INVALID_INITIAL_CONTACT_MODEL roll 4.0 pitch 1.07 power {'mean': 0.1611836835399022, 'max': 0.729382525561623, 'p95': 0.4780445190615993} self initial mm 9.025651304801599
self_linked-hulls_all INVALID_INITIAL_CONTACT_MODEL roll 4.78 pitch 0.64 power {'mean': 0.39450885526305746, 'max': 1.4509126403981107, 'p95': 1.0247999805528678} self initial mm 24.611040373792246
self_parts_nonparent INVALID_INITIAL_CONTACT_MODEL roll 83.54 pitch 2.2 power {'mean': 3.294632772739048, 'max': 13.781288855912633, 'p95': 9.993714741622087} self initial mm 9.146693916024757
self_parts_all INVALID_INITIAL_CONTACT_MODEL roll 178.51 pitch 76.6 power {'mean': 13.092552857273484, 'max': 82.0194705348732, 'p95': 61.1912397318663} self initial mm 19.039408597568624
self_vhacd_nonparent INVALID_INITIAL_CONTACT_MODEL roll 90.18 pitch 10.22 power {'mean': 3.1430508969609012, 'max': 12.163329039446154, 'p95': 9.587913081836673} self initial mm 6.844497743198453
self_vhacd_all INVALID_INITIAL_CONTACT_MODEL roll 44.21 pitch 8.04 power {'mean': 0.9267412497713675, 'max': 6.410933052326816, 'p95': 4.996222575484308} self initial mm 9.122039587270738
contact_parts PASS roll 3.09 pitch 1.89 power {'mean': 1.2431774103064221, 'max': 33.624994796948876, 'p95': 4.198025989494618} self initial mm 0
contact_parts_uniform PASS roll 4.52 pitch 2.4 power {'mean': 1.3061292444246866, 'max': 35.84819920667099, 'p95': 4.425252761700305} self initial mm 0
contact_vhacd PASS roll 3.11 pitch 1.9 power {'mean': 1.2431290111416478, 'max': 33.627123090925664, 'p95': 4.186949928509366} self initial mm 0
contact_vhacd_uniform PASS roll 4.47 pitch 2.41 power {'mean': 1.3065542222089912, 'max': 35.99126050706005, 'p95': 4.422922281731175} self initial mm 0
voltage_5.0 PASS roll 3.97 pitch 2.3 power {'mean': 1.2954078588389877, 'max': 31.475371139769333, 'p95': 4.371310117259231} self initial mm 0
voltage_5.5 PASS roll 4.12 pitch 2.3 power {'mean': 1.2987293933995336, 'max': 33.734166871600934, 'p95': 4.381048016665063} self initial mm 0
voltage_6.0 PASS roll 4.23 pitch 2.3 power {'mean': 1.3019356906578614, 'max': 35.67716552223175, 'p95': 4.4148253425843915} self initial mm 0
servos_self_parts INVALID_INITIAL_CONTACT_MODEL roll 86.11 pitch 15.23 power {'mean': 9.537849074055968, 'max': 102.9433937591186, 'p95': 47.42414529090039} self initial mm 19.039408597568624
servos_self_vhacd INVALID_INITIAL_CONTACT_MODEL roll 40.05 pitch 10.53 power {'mean': 1.3995047866668002, 'max': 7.2988839422617655, 'p95': 5.918278906629249} self initial mm 13.783456361322473
SCENARIO RESULTS: {'FAIL': 2, 'FALL': 3, 'INVALID_INITIAL_CONTACT_MODEL': 8, 'PASS': 58}
