native_nominal PASS roll 4.24 pitch 2.3 power {'mean': 1.3081073100122274, 'max': 35.63156937314717, 'p95': 4.426866263232315} self initial mm 0
back PASS roll 4.27 pitch 3.0 power {'mean': 1.3744688513314365, 'max': 35.70682760618688, 'p95': 4.455312372440883} self initial mm 0
right PASS roll 4.18 pitch 2.11 power {'mean': 1.4118979161948135, 'max': 35.515997085657766, 'p95': 4.535204539092922} self initial mm 0
left PASS roll 4.28 pitch 1.79 power {'mean': 1.3921140678625783, 'max': 35.73954799444814, 'p95': 4.484454982594975} self initial mm 0
turn_ccw PASS roll 4.34 pitch 1.96 power {'mean': 1.201384999447487, 'max': 36.30663569432787, 'p95': 3.727285052047357} self initial mm 0
turn_cw PASS roll 4.44 pitch 1.95 power {'mean': 1.4134303954852867, 'max': 35.448272120707536, 'p95': 4.5372901173989675} self initial mm 0
compound PASS roll 4.42 pitch 2.21 power {'mean': 1.2642160761564711, 'max': 35.85818449691771, 'p95': 3.9891345558227393} self initial mm 0
height_110 PASS roll 4.08 pitch 2.4 power {'mean': 1.3183054631111466, 'max': 36.556369372536935, 'p95': 4.495100430462544} self initial mm 0
height_120 PASS roll 4.21 pitch 2.21 power {'mean': 1.2947532081252922, 'max': 34.92120800624704, 'p95': 4.41567290428554} self initial mm 0
height_125 PASS roll 4.43 pitch 2.07 power {'mean': 1.2963792887746086, 'max': 34.3674292295729, 'p95': 4.408842500796518} self initial mm 0
height_130 PASS roll 4.74 pitch 1.83 power {'mean': 1.3131977417398546, 'max': 34.44873869283412, 'p95': 4.369026952290662} self initial mm 0
height_changes PASS roll 4.14 pitch 2.57 power {'mean': 1.6075032062675736, 'max': 34.53463026722752, 'p95': 4.63015073195269} self initial mm 0
abrupt_reverse PASS roll 4.14 pitch 2.3 power {'mean': 1.5165072126297292, 'max': 23.590164856940202, 'p95': 4.512323383244352} self initial mm 0
zero_direct PASS roll 4.2 pitch 2.3 power {'mean': 1.4095863257491805, 'max': 35.61931255380371, 'p95': 4.61899234711662} self initial mm 0
zero_sequential FALL roll 44.85 pitch 17.82 power {'mean': 1.55776257112357, 'max': 35.84817823997769, 'p95': 4.800616883621948} self initial mm 0
stop_phase_00 PASS roll 4.06 pitch 2.3 power {'mean': 1.364319164397022, 'max': 32.85284063935962, 'p95': 4.710290917447613} self initial mm 0
stop_phase_01 PASS roll 4.06 pitch 2.3 power {'mean': 1.2351809529758715, 'max': 22.87463513906123, 'p95': 4.2533550164023} self initial mm 0
stop_phase_02 PASS roll 4.06 pitch 2.3 power {'mean': 1.2350572625132465, 'max': 22.87463513906123, 'p95': 4.199668146406106} self initial mm 0
stop_phase_03 PASS roll 4.06 pitch 2.3 power {'mean': 1.2289281768017977, 'max': 22.87463513906123, 'p95': 4.221798149168986} self initial mm 0
stop_phase_04 PASS roll 4.06 pitch 2.3 power {'mean': 1.2257500285220757, 'max': 22.87463513906123, 'p95': 4.246948154655982} self initial mm 0
stop_phase_05 PASS roll 4.06 pitch 2.3 power {'mean': 1.223648418709623, 'max': 22.87463513906123, 'p95': 4.209434646537293} self initial mm 0
stop_phase_06 PASS roll 4.4 pitch 2.3 power {'mean': 1.2105916926408515, 'max': 22.87463513906123, 'p95': 4.187340082661541} self initial mm 0
stop_phase_07 PASS roll 4.52 pitch 2.3 power {'mean': 1.21552158374753, 'max': 22.87463513906123, 'p95': 4.219658227770585} self initial mm 0
stop_phase_08 PASS roll 4.06 pitch 2.3 power {'mean': 1.2385832184214711, 'max': 22.87463513906123, 'p95': 4.271928567542184} self initial mm 0
stop_phase_09 PASS roll 4.06 pitch 2.3 power {'mean': 1.2542814568473144, 'max': 22.87463513906123, 'p95': 4.26754828911409} self initial mm 0
stop_phase_10 PASS roll 4.06 pitch 2.3 power {'mean': 1.2551756828473735, 'max': 22.87463513906123, 'p95': 4.195671055468309} self initial mm 0
stop_phase_11 PASS roll 4.06 pitch 2.3 power {'mean': 1.2578565179115875, 'max': 22.87463513906123, 'p95': 4.226013401777691} self initial mm 0
stop_phase_12 PASS roll 4.06 pitch 2.3 power {'mean': 1.2694748381475256, 'max': 22.87463513906123, 'p95': 4.29263938594539} self initial mm 0
stop_phase_13 PASS roll 4.06 pitch 2.3 power {'mean': 1.272653893386849, 'max': 22.87463513906123, 'p95': 4.296083892805094} self initial mm 0
stop_phase_14 PASS roll 4.06 pitch 2.3 power {'mean': 1.253048550724626, 'max': 22.87463513906123, 'p95': 4.204110604451261} self initial mm 0
stop_phase_15 PASS roll 4.06 pitch 2.3 power {'mean': 1.2539189356272402, 'max': 22.87463513906123, 'p95': 4.243484612378143} self initial mm 0
slope_-10 PASS roll 18.88 pitch 4.3 power {'mean': 1.2975901410937847, 'max': 34.541677878612056, 'p95': 4.155606593506181} self initial mm 0
slope_-5 PASS roll 10.48 pitch 2.83 power {'mean': 1.2986113456107231, 'max': 35.10361010809216, 'p95': 4.2719922126897485} self initial mm 0
slope_5 PASS roll 7.31 pitch 2.9 power {'mean': 1.351095614439294, 'max': 35.42289866043357, 'p95': 4.543549899476889} self initial mm 0
slope_10 FALL roll 56.8 pitch 8.25 power {'mean': 1.6582255244125699, 'max': 34.14257016552282, 'p95': 5.310086459178783} self initial mm 0
step_2 PASS roll 4.06 pitch 2.3 power {'mean': 1.3063673346346376, 'max': 35.43730215922019, 'p95': 4.432519891630179} self initial mm 0
step_5 PASS roll 4.06 pitch 2.3 power {'mean': 1.3278659708557792, 'max': 35.232450234399295, 'p95': 4.421411536361931} self initial mm 0
