yaw-pack-wide.json 0 19 / 484 fail; standing 4 /4
yaw-pack-wide.json 1 112 / 484 fail; standing 4 /4
yaw-pack-wide.json 2 121 / 484 fail; standing 4 /4
yaw-pack-strict10-zminus3.json 0 4 / 484 fail; standing 4 /4
yaw-pack-strict10-zminus3.json 1 4 / 484 fail; standing 4 /4
yaw-pack-step-wide-variable-z.json 0 19 / 484 fail; standing 4 /4
yaw-pack-step-wide-variable-z.json 1 13 / 484 fail; standing 4 /4
yaw-pack-step-wide-variable-z.json 2 13 / 484 fail; standing 4 /4
yaw-pack-strict10-zminus8.json 0 4 / 484 fail; standing 4 /4
yaw-pack-strict10-zminus8.json 1 4 / 484 fail; standing 4 /4
yaw-pack-near10-z2.json 0 8 / 484 fail; standing 4 /4
yaw-pack-search.json 0 19 / 484 fail; standing 4 /4
yaw-pack-search.json 1 15 / 484 fail; standing 4 /4
yaw-pack-search.json 2 16 / 484 fail; standing 4 /4
yaw-pack-search.json 3 19 / 484 fail; standing 4 /4
yaw-pack-reserved-wide-zminus3.json 0 19 / 484 fail; standing 4 /4
yaw-pack-reserved-wide-zminus3.json 1 101 / 484 fail; standing 4 /4
yaw-pack-step-strict10-variable-z.json 0 4 / 484 fail; standing 4 /4
yaw-pack-step-strict10-variable-z.json 1 4 / 484 fail; standing 4 /4
yaw-pack-step-strict10-variable-z.json 2 4 / 484 fail; standing 4 /4
yaw-pack-near10-z3.json 0 6 / 484 fail; standing 4 /4
yaw-pack-lower-3.json 0 148 / 484 fail; standing 2 /4
yaw-pack-lower-3.json 1 24 / 484 fail; standing 4 /4
yaw-pack-near10-z8.json 0 8 / 484 fail; standing 4 /4
yaw-pack-reserved-wide-zminus8.json 0 76 / 484 fail; standing 4 /4
yaw-pack-reserved-wide-zminus8.json 1 38 / 484 fail; standing 4 /4
yaw-pack-strict10-zplus2.json 0 4 / 484 fail; standing 4 /4
yaw-pack-strict5-zminus3.json 0 2 / 484 fail; standing 4 /4
ORIGINAL_BASELINE 0 0 / 484 fail; standing 4 /4
