{
  "status": "CANDIDATE SEARCH ONLY: FPC入口の向き/曲率、固定具、全20サーボ同時収納は未確定",
  "source": "公式2023 STEP。USB含む/SD無し/カメラ無しの閉直方体包絡。追加コネクタ/アンテナ配線なし",
  "dimensions_mm": [
    22.781981150153914,
    17.780000000000022,
    8.03000009999998
  ],
  "free_flex_length_mm": 9.2,
  "flex_start_chassis_mm": [
    0.0,
    62.63829487111535,
    30.429156144709673
  ],
  "envelope_clearance_mm": 0,
  "grid": {
    "center_y_mm": [
      38,
      59,
      1
    ],
    "center_z_mm": [
      10,
      32,
      1
    ],
    "pitch_deg": [
      -45,
      -30,
      -15,
      0,
      15,
      30,
      45
    ]
  },
  "positions_within_flex_straight_bound": 1305,
  "no_material_intersections": 0,
  "best": [
    {
      "center_mm": [
        0,
        47.0,
        17.0
      ],
      "pitch_deg": 30,
      "frame_flat_to_chassis": [
        [
          6.123233995736766e-17,
          1.0,
          0.0,
          0.0
        ],
        [
          -0.8660254037844387,
          5.3028761936245346e-17,
          -0.49999999999999994,
          47.0
        ],
        [
          -0.49999999999999994,
          3.0616169978683824e-17,
          0.8660254037844387,
          17.0
        ],
        [
          0.0,
          0.0,
          0.0,
          1.0
        ]
      ],
      "connector_center_mm": [
        -0.03167809710800957,
        52.949023496095286,
        23.217498614380027
      ],
      "opening_candidates_mm": [
        [
          -0.03167809710800975,
          55.5470997074486,
          24.717498614380027
        ],
        [
          -0.03167809710800939,
          50.35094728474197,
          21.717498614380027
        ]
      ],
      "straight_line_from_flex_start_mm": [
        9.105442553485162,
        15.062300326840562
      ],
      "intersections_mm3": {
        "Head_Top_Eyecut#single": 10.409503302009231,
        "eye_pod_camera_base_ov3660_candidate": 34.844081518251166
      },
      "total_intersection_mm3": 45.2535848202604
    },
    {
      "center_mm": [
        0,
        46.0,
        21.0
      ],
      "pitch_deg": 0,
      "frame_flat_to_chassis": [
        [
          6.123233995736766e-17,
          1.0,
          0.0,
          0.0
        ],
        [
          -1.0,
          6.123233995736766e-17,
          0.0,
          46.0
        ],
        [
          0.0,
          0.0,
          1.0,
          21.0
        ],
        [
          0.0,
          0.0,
          0.0,
          1.0
        ]
      ],
      "connector_center_mm": [
        -0.03167809710800957,
        54.260754782519044,
        23.410000000000007
      ],
      "opening_candidates_mm": [
        [
          -0.03167809710800975,
          57.260754782519044,
          23.410000000000007
        ],
        [
          -0.03167809710800939,
          51.260754782519044,
          23.410000000000007
        ]
      ],
      "straight_line_from_flex_start_mm": [
        8.84236924642441,
        13.368544234630331
      ],
      "intersections_mm3": {
        "Head_Top_Eyecut#single": 9.61444386038565,
        "eye_pod_camera_base_ov3660_candidate": 42.21279060558348
      },
      "total_intersection_mm3": 51.82723446596913
    },
    {
      "center_mm": [
        0,
        46.0,
        19.0
      ],
      "pitch_deg": 15,
      "frame_flat_to_chassis": [
        [
          6.123233995736766e-17,
          1.0,
          0.0,
          0.0
        ],
        [
          -0.9659258262890683,
          5.914589856893349e-17,
          -0.25881904510252074,
          46.0
        ],
        [
          -0.25881904510252074,
          1.5848095757158825e-17,
          0.9659258262890683,
          19.0
        ],
        [
          0.0,
          0.0,
          0.0,
          1.0
        ]
      ],
      "connector_center_mm": [
        -0.03167809710800957,
        53.35552249037901,
        23.46592190599432
      ],
      "opening_candidates_mm": [
        [
          -0.03167809710800975,
          56.253299969246214,
          24.242379041301884
        ],
        [
          -0.03167809710800939,
          50.457745011511804,
          22.689464770686758
        ]
      ],
      "straight_line_from_flex_start_mm": [
        8.890746556166253,
        14.431549499248133
      ],
      "intersections_mm3": {
        "Head_Top_Eyecut#single": 8.918904961334134,
        "eye_pod_camera_base_ov3660_candidate": 43.41957816295698
      },
      "total_intersection_mm3": 52.338483124291116
    },
    {
      "center_mm": [
        0,
        45.0,
        20.0
      ],
      "pitch_deg": 15,
      "frame_flat_to_chassis": [
        [
          6.123233995736766e-17,
          1.0,
          0.0,
          0.0
        ],
        [
          -0.9659258262890683,
          5.914589856893349e-17,
          -0.25881904510252074,
          45.0
        ],
        [
          -0.25881904510252074,
          1.5848095757158825e-17,
          0.9659258262890683,
          20.0
        ],
        [
          0.0,
          0.0,
          0.0,
          1.0
        ]
      ],
      "connector_center_mm": [
        -0.03167809710800957,
        52.35552249037901,
        24.46592190599432
      ],
      "opening_candidates_mm": [
        [
          -0.03167809710800975,
          55.253299969246214,
          25.242379041301884
        ],
        [
          -0.03167809710800939,
          49.457745011511804,
          23.689464770686758
        ]
      ],
      "straight_line_from_flex_start_mm": [
        9.02451161686353,
        14.80376093837003
      ],
      "intersections_mm3": {
        "Head_Top_Eyecut#single": 0.2356010505797593,
        "eye_pod_camera_base_ov3660_candidate": 53.24671534768357
      },
      "total_intersection_mm3": 53.48231639826333
    },
    {
      "center_mm": [
        0,
        47.0,
        18.0
      ],
      "pitch_deg": 15,
      "frame_flat_to_chassis": [
        [
          6.123233995736766e-17,
          1.0,
          0.0,
          0.0
        ],
        [
          -0.9659258262890683,
          5.914589856893349e-17,
          -0.25881904510252074,
          47.0
        ],
        [
          -0.25881904510252074,
          1.5848095757158825e-17,
          0.9659258262890683,
          18.0
        ],
        [
          0.0,
          0.0,
          0.0,
          1.0
        ]
      ],
      "connector_center_mm": [
        -0.03167809710800957,
        54.35552249037901,
        22.46592190599432
      ],
      "opening_candidates_mm": [
        [
          -0.03167809710800975,
          57.253299969246214,
          23.242379041301884
        ],
        [
          -0.03167809710800939,
          51.457745011511804,
          21.689464770686758
        ]
      ],
      "straight_line_from_flex_start_mm": [
        8.980475417763772,
        14.191120603324029
      ],
      "intersections_mm3": {
        "Head_Top_Eyecut#single": 40.55710460279612,
        "eye_pod_camera_base_ov3660_candidate": 23.967397480633487
      },
      "total_intersection_mm3": 64.52450208342961
    },
    {
      "center_mm": [
        0,
        47.0,
        20.0
      ],
      "pitch_deg": 0,
      "frame_flat_to_chassis": [
        [
          6.123233995736766e-17,
          1.0,
          0.0,
          0.0
        ],
        [
          -1.0,
          6.123233995736766e-17,
          0.0,
          47.0
        ],
        [
          0.0,
          0.0,
          1.0,
          20.0
        ],
        [
          0.0,
          0.0,
          0.0,
          1.0
        ]
      ],
      "connector_center_mm": [
        -0.03167809710800957,
        55.260754782519044,
        22.410000000000007
      ],
      "opening_candidates_mm": [
        [
          -0.03167809710800975,
          58.260754782519044,
          22.410000000000007
        ],
        [
          -0.03167809710800939,
          52.260754782519044,
          22.410000000000007
        ]
      ],
      "straight_line_from_flex_start_mm": [
        9.13623149894632,
        13.114923067463817
      ],
      "intersections_mm3": {
        "Head_Top_Eyecut#single": 39.24384525517565,
        "eye_pod_camera_base_ov3660_candidate": 28.62778215216169
      },
      "total_intersection_mm3": 67.87162740733734
    },
    {
      "center_mm": [
        0,
        45.0,
        22.0
      ],
      "pitch_deg": 0,
      "frame_flat_to_chassis": [
        [
          6.123233995736766e-17,
          1.0,
          0.0,
          0.0
        ],
        [
          -1.0,
          6.123233995736766e-17,
          0.0,
          45.0
        ],
        [
          0.0,
          0.0,
          1.0,
          22.0
        ],
        [
          0.0,
          0.0,
          0.0,
          1.0
        ]
      ],
      "connector_center_mm": [
        -0.03167809710800957,
        53.260754782519044,
        24.410000000000007
      ],
      "opening_candidates_mm": [
        [
          -0.03167809710800975,
          56.260754782519044,
          24.410000000000007
        ],
        [
          -0.03167809710800939,
          50.260754782519044,
          24.410000000000007
        ]
      ],
      "straight_line_from_flex_start_mm": [
        8.769507499163534,
        13.763529447094633
      ],
      "intersections_mm3": {
        "Head_Top_Eyecut#single": 0.6529560338380748,
        "eye_pod_camera_base_ov3660_candidate": 67.35915825627274
      },
      "total_intersection_mm3": 68.01211429011082
    },
    {
      "center_mm": [
        0,
        47.0,
        23.0
      ],
      "pitch_deg": -15,
      "frame_flat_to_chassis": [
        [
          6.123233995736766e-17,
          1.0,
          0.0,
          0.0
        ],
        [
          -0.9659258262890683,
          5.914589856893349e-17,
          0.25881904510252074,
          47.0
        ],
        [
          0.25881904510252074,
          -1.5848095757158825e-17,
          0.9659258262890683,
          23.0
        ],
        [
          0.0,
          0.0,
          0.0,
          1.0
        ]
      ],
      "connector_center_mm": [
        -0.03167809710800957,
        55.60303028777316,
        23.189840576719
      ],
      "opening_candidates_mm": [
        [
          -0.03167809710800975,
          58.500807766640364,
          22.413383441411437
        ],
        [
          -0.03167809710800939,
          52.70525280890595,
          23.966297712026563
        ]
      ],
      "straight_line_from_flex_start_mm": [
        9.020665999385761,
        11.850521812661274
      ],
      "intersections_mm3": {
        "Head_Top_Eyecut#single": 11.899438593002658,
        "eye_pod_camera_base_ov3660_candidate": 58.059608277379176
      },
      "total_intersection_mm3": 69.95904687038184
    },
    {
      "center_mm": [
        0,
        48.0,
        16.0
      ],
      "pitch_deg": 30,
      "frame_flat_to_chassis": [
        [
          6.123233995736766e-17,
          1.0,
          0.0,
          0.0
        ],
        [
          -0.8660254037844387,
          5.3028761936245346e-17,
          -0.49999999999999994,
          48.0
        ],
        [
          -0.49999999999999994,
          3.0616169978683824e-17,
          0.8660254037844387,
          16.0
        ],
        [
          0.0,
          0.0,
          0.0,
          1.0
        ]
      ],
      "connector_center_mm": [
        -0.03167809710800957,
        53.949023496095286,
        22.217498614380027
      ],
      "opening_candidates_mm": [
        [
          -0.03167809710800975,
          56.5470997074486,
          23.717498614380027
        ],
        [
          -0.03167809710800939,
          51.35094728474197,
          20.717498614380027
        ]
      ],
      "straight_line_from_flex_start_mm": [
        9.063664205394206,
        14.890316014908947
      ],
      "intersections_mm3": {
        "Head_Top_Eyecut#single": 50.88479632488569,
        "eye_pod_camera_base_ov3660_candidate": 23.67181092072156
      },
      "total_intersection_mm3": 74.55660724560725
    },
    {
      "center_mm": [
        0,
        44.0,
        23.0
      ],
      "pitch_deg": 0,
      "frame_flat_to_chassis": [
        [
          6.123233995736766e-17,
          1.0,
          0.0,
          0.0
        ],
        [
          -1.0,
          6.123233995736766e-17,
          0.0,
          44.0
        ],
        [
          0.0,
          0.0,
          1.0,
          23.0
        ],
        [
          0.0,
          0.0,
          0.0,
          1.0
        ]
      ],
      "connector_center_mm": [
        -0.03167809710800957,
        52.260754782519044,
        25.410000000000007
      ],
      "opening_candidates_mm": [
        [
          -0.03167809710800975,
          55.260754782519044,
          25.410000000000007
        ],
        [
          -0.03167809710800939,
          49.260754782519044,
          25.410000000000007
        ]
      ],
      "straight_line_from_flex_start_mm": [
        8.923061675549416,
        14.288159809045194
      ],
      "intersections_mm3": {
        "eye_pod_camera_base_ov3660_candidate": 76.11282453878418
      },
      "total_intersection_mm3": 76.11282453878418
    },
    {
      "center_mm": [
        0,
        46.0,
        24.0
      ],
      "pitch_deg": -15,
      "frame_flat_to_chassis": [
        [
          6.123233995736766e-17,
          1.0,
          0.0,
          0.0
        ],
        [
          -0.9659258262890683,
          5.914589856893349e-17,
          0.25881904510252074,
          46.0
        ],
        [
          0.25881904510252074,
          -1.5848095757158825e-17,
          0.9659258262890683,
          24.0
        ],
        [
          0.0,
          0.0,
          0.0,
          1.0
        ]
      ],
      "connector_center_mm": [
        -0.03167809710800957,
        54.60303028777316,
        24.189840576719
      ],
      "opening_candidates_mm": [
        [
          -0.03167809710800975,
          57.500807766640364,
          23.413383441411437
        ],
        [
          -0.03167809710800939,
          51.70525280890595,
          24.966297712026563
        ]
      ],
      "straight_line_from_flex_start_mm": [
        8.695737109344313,
        12.221916154654851
      ],
      "intersections_mm3": {
        "Head_Top_Eyecut#single": 0.804111553295739,
        "eye_pod_camera_base_ov3660_candidate": 82.00386204440802
      },
      "total_intersection_mm3": 82.80797359770376
    },
    {
      "center_mm": [
        0,
        47.0,
        19.0
      ],
      "pitch_deg": 15,
      "frame_flat_to_chassis": [
        [
          6.123233995736766e-17,
          1.0,
          0.0,
          0.0
        ],
        [
          -0.9659258262890683,
          5.914589856893349e-17,
          -0.25881904510252074,
          47.0
        ],
        [
          -0.25881904510252074,
          1.5848095757158825e-17,
          0.9659258262890683,
          19.0
        ],
        [
          0.0,
          0.0,
          0.0,
          1.0
        ]
      ],
      "connector_center_mm": [
        -0.03167809710800957,
        54.35552249037901,
        23.46592190599432
      ],
      "opening_candidates_mm": [
        [
          -0.03167809710800975,
          57.253299969246214,
          24.242379041301884
        ],
        [
          -0.03167809710800939,
          51.457745011511804,
          22.689464770686758
        ]
      ],
      "straight_line_from_flex_start_mm": [
        8.202157309040338,
        13.598107266455944
      ],
      "intersections_mm3": {
        "Head_Top_Eyecut#single": 24.41462865165137,
        "eye_pod_camera_base_ov3660_candidate": 68.30566656736835
      },
      "total_intersection_mm3": 92.72029521901972
    },
    {
      "center_mm": [
        0,
        47.0,
        18.0
      ],
      "pitch_deg": 30,
      "frame_flat_to_chassis": [
        [
          6.123233995736766e-17,
          1.0,
          0.0,
          0.0
        ],
        [
          -0.8660254037844387,
          5.3028761936245346e-17,
          -0.49999999999999994,
          47.0
        ],
        [
          -0.49999999999999994,
          3.0616169978683824e-17,
          0.8660254037844387,
          18.0
        ],
        [
          0.0,
          0.0,
          0.0,
          1.0
        ]
      ],
      "connector_center_mm": [
        -0.03167809710800957,
        52.949023496095286,
        24.217498614380027
      ],
      "opening_candidates_mm": [
        [
          -0.03167809710800975,
          55.5470997074486,
          25.717498614380027
        ],
        [
          -0.03167809710800939,
          50.35094728474197,
          22.717498614380027
        ]
      ],
      "straight_line_from_flex_start_mm": [
        8.513857470862376,
        14.506880301266776
      ],
      "intersections_mm3": {
        "Head_Top_Eyecut#single": 2.693866441519746,
        "eye_pod_camera_base_ov3660_candidate": 90.55689469402014
      },
      "total_intersection_mm3": 93.25076113553989
    },
    {
      "center_mm": [
        0,
        47.0,
        21.0
      ],
      "pitch_deg": 0,
      "frame_flat_to_chassis": [
        [
          6.123233995736766e-17,
          1.0,
          0.0,
          0.0
        ],
        [
          -1.0,
          6.123233995736766e-17,
          0.0,
          47.0
        ],
        [
          0.0,
          0.0,
          1.0,
          21.0
        ],
        [
          0.0,
          0.0,
          0.0,
          1.0
        ]
      ],
      "connector_center_mm": [
        -0.03167809710800957,
        55.260754782519044,
        23.410000000000007
      ],
      "opening_candidates_mm": [
        [
          -0.03167809710800975,
          58.260754782519044,
          23.410000000000007
        ],
        [
          -0.03167809710800939,
          52.260754782519044,
          23.410000000000007
        ]
      ],
      "straight_line_from_flex_start_mm": [
        8.272388634059668,
        12.528483339018942
      ],
      "intersections_mm3": {
        "Head_Top_Eyecut#single": 28.08221164801781,
        "eye_pod_camera_base_ov3660_candidate": 66.15532967445951
      },
      "total_intersection_mm3": 94.23754132247731
    },
    {
      "center_mm": [
        0,
        46.0,
        20.0
      ],
      "pitch_deg": 15,
      "frame_flat_to_chassis": [
        [
          6.123233995736766e-17,
          1.0,
          0.0,
          0.0
        ],
        [
          -0.9659258262890683,
          5.914589856893349e-17,
          -0.25881904510252074,
          46.0
        ],
        [
          -0.25881904510252074,
          1.5848095757158825e-17,
          0.9659258262890683,
          20.0
        ],
        [
          0.0,
          0.0,
          0.0,
          1.0
        ]
      ],
      "connector_center_mm": [
        -0.03167809710800957,
        53.35552249037901,
        24.46592190599432
      ],
      "opening_candidates_mm": [
        [
          -0.03167809710800975,
          56.253299969246214,
          25.242379041301884
        ],
        [
          -0.03167809710800939,
          50.457745011511804,
          23.689464770686758
        ]
      ],
      "straight_line_from_flex_start_mm": [
        8.226288356188745,
        13.920856230893385
      ],
      "intersections_mm3": {
        "Head_Top_Eyecut#single": 2.626843343474506,
        "eye_pod_camera_base_ov3660_candidate": 94.70366863281386
      },
      "total_intersection_mm3": 97.33051197628836
    },
    {
      "center_mm": [
        0,
        48.0,
        17.0
      ],
      "pitch_deg": 30,
      "frame_flat_to_chassis": [
        [
          6.123233995736766e-17,
          1.0,
          0.0,
          0.0
        ],
        [
          -0.8660254037844387,
          5.3028761936245346e-17,
          -0.49999999999999994,
          48.0
        ],
        [
          -0.49999999999999994,
          3.0616169978683824e-17,
          0.8660254037844387,
          17.0
        ],
        [
          0.0,
          0.0,
          0.0,
          1.0
        ]
      ],
      "connector_center_mm": [
        -0.03167809710800957,
        53.949023496095286,
        23.217498614380027
      ],
      "opening_candidates_mm": [
        [
          -0.03167809710800975,
          56.5470997074486,
          24.717498614380027
        ],
        [
          -0.03167809710800939,
          51.35094728474197,
          21.717498614380027
        ]
      ],
      "straight_line_from_flex_start_mm": [
        8.350251120025368,
        14.258267635417514
      ],
      "intersections_mm3": {
        "Head_Top_Eyecut#single": 28.967811001910302,
        "eye_pod_camera_base_ov3660_candidate": 69.63105874920382
      },
      "total_intersection_mm3": 98.59886975111412
    },
    {
      "center_mm": [
        0,
        49.0,
        16.0
      ],
      "pitch_deg": 45,
      "frame_flat_to_chassis": [
        [
          6.123233995736766e-17,
          1.0,
          0.0,
          0.0
        ],
        [
          -0.7071067811865476,
          4.329780281177467e-17,
          -0.7071067811865475,
          49.0
        ],
        [
          -0.7071067811865475,
          4.329780281177466e-17,
          0.7071067811865476,
          16.0
        ],
        [
          0.0,
          0.0,
          0.0,
          1.0
        ]
      ],
      "connector_center_mm": [
        -0.03167809710800957,
        53.13710838177884,
        23.545363067098005
      ],
      "opening_candidates_mm": [
        [
          -0.03167809710800975,
          55.25842872533848,
          25.666683410657647
        ],
        [
          -0.03167809710800939,
          51.01578803821919,
          21.424042723538363
        ]
      ],
      "straight_line_from_flex_start_mm": [
        8.78319841367647,
        14.702915911842585
      ],
      "intersections_mm3": {
        "Head_Top_Eyecut#single": 10.203695055151927,
        "eye_pod_camera_base_ov3660_candidate": 91.84790631678587
      },
      "total_intersection_mm3": 102.05160137193779
    },
    {
      "center_mm": [
        0,
        46.0,
        19.0
      ],
      "pitch_deg": 30,
      "frame_flat_to_chassis": [
        [
          6.123233995736766e-17,
          1.0,
          0.0,
          0.0
        ],
        [
          -0.8660254037844387,
          5.3028761936245346e-17,
          -0.49999999999999994,
          46.0
        ],
        [
          -0.49999999999999994,
          3.0616169978683824e-17,
          0.8660254037844387,
          19.0
        ],
        [
          0.0,
          0.0,
          0.0,
          1.0
        ]
      ],
      "connector_center_mm": [
        -0.03167809710800957,
        51.949023496095286,
        25.217498614380027
      ],
      "opening_candidates_mm": [
        [
          -0.03167809710800975,
          54.5470997074486,
          26.717498614380027
        ],
        [
          -0.03167809710800939,
          49.35094728474197,
          23.717498614380027
        ]
      ],
      "straight_line_from_flex_start_mm": [
        8.901957329758062,
        14.886267369202042
      ],
      "intersections_mm3": {
        "eye_pod_camera_base_ov3660_candidate": 103.72360500298122
      },
      "total_intersection_mm3": 103.72360500298122
    },
    {
      "center_mm": [
        0,
        46.0,
        22.0
      ],
      "pitch_deg": 0,
      "frame_flat_to_chassis": [
        [
          6.123233995736766e-17,
          1.0,
          0.0,
          0.0
        ],
        [
          -1.0,
          6.123233995736766e-17,
          0.0,
          46.0
        ],
        [
          0.0,
          0.0,
          1.0,
          22.0
        ],
        [
          0.0,
          0.0,
          0.0,
          1.0
        ]
      ],
      "connector_center_mm": [
        -0.03167809710800957,
        54.260754782519044,
        24.410000000000007
      ],
      "opening_candidates_mm": [
        [
          -0.03167809710800975,
          57.260754782519044,
          24.410000000000007
        ],
        [
          -0.03167809710800939,
          51.260754782519044,
          24.410000000000007
        ]
      ],
      "straight_line_from_flex_start_mm": [
        8.071504296021459,
        12.871661223938755
      ],
      "intersections_mm3": {
        "Head_Top_Eyecut#single": 4.188182258051913,
        "eye_pod_camera_base_ov3660_candidate": 100.02898201568632
      },
      "total_intersection_mm3": 104.21716427373823
    },
    {
      "center_mm": [
        0,
        45.0,
        21.0
      ],
      "pitch_deg": 15,
      "frame_flat_to_chassis": [
        [
          6.123233995736766e-17,
          1.0,
          0.0,
          0.0
        ],
        [
          -0.9659258262890683,
          5.914589856893349e-17,
          -0.25881904510252074,
          45.0
        ],
        [
          -0.25881904510252074,
          1.5848095757158825e-17,
          0.9659258262890683,
          21.0
        ],
        [
          0.0,
          0.0,
          0.0,
          1.0
        ]
      ],
      "connector_center_mm": [
        -0.03167809710800957,
        52.35552249037901,
        25.46592190599432
      ],
      "opening_candidates_mm": [
        [
          -0.03167809710800975,
          55.253299969246214,
          26.242379041301884
        ],
        [
          -0.03167809710800939,
          49.457745011511804,
          24.689464770686758
        ]
      ],
      "straight_line_from_flex_start_mm": [
        8.489302428120299,
        14.376089703822958
      ],
      "intersections_mm3": {
        "eye_pod_camera_base_ov3660_candidate": 104.30065183147711
      },
      "total_intersection_mm3": 104.30065183147711
    }
  ],
  "internal_base_relief_candidates": [
    {
      "center_mm": [
        0,
        45.0,
        26.0
      ],
      "pitch_deg": -15,
      "frame_flat_to_chassis": [
        [
          6.123233995736766e-17,
          1.0,
          0.0,
          0.0
        ],
        [
          -0.9659258262890683,
          5.914589856893349e-17,
          0.25881904510252074,
          45.0
        ],
        [
          0.25881904510252074,
          -1.5848095757158825e-17,
          0.9659258262890683,
          26.0
        ],
        [
          0.0,
          0.0,
          0.0,
          1.0
        ]
      ],
      "connector_center_mm": [
        -0.03167809710800957,
        53.60303028777316,
        26.189840576719
      ],
      "opening_candidates_mm": [
        [
          -0.03167809710800975,
          56.500807766640364,
          25.413383441411437
        ],
        [
          -0.03167809710800939,
          50.70525280890595,
          26.966297712026563
        ]
      ],
      "straight_line_from_flex_start_mm": [
        7.926394342359256,
        12.425372625603611
      ],
      "intersections_mm3": {
        "eye_pod_camera_base_ov3660_candidate": 200.1682114352963
      },
      "total_intersection_mm3": 200.1682114352963
    },
    {
      "center_mm": [
        0,
        45.0,
        23.0
      ],
      "pitch_deg": 0,
      "frame_flat_to_chassis": [
        [
          6.123233995736766e-17,
          1.0,
          0.0,
          0.0
        ],
        [
          -1.0,
          6.123233995736766e-17,
          0.0,
          45.0
        ],
        [
          0.0,
          0.0,
          1.0,
          23.0
        ],
        [
          0.0,
          0.0,
          0.0,
          1.0
        ]
      ],
      "connector_center_mm": [
        -0.03167809710800957,
        53.260754782519044,
        25.410000000000007
      ],
      "opening_candidates_mm": [
        [
          -0.03167809710800975,
          56.260754782519044,
          25.410000000000007
        ],
        [
          -0.03167809710800939,
          50.260754782519044,
          25.410000000000007
        ]
      ],
      "straight_line_from_flex_start_mm": [
        8.115783972510984,
        13.356512664300581
      ],
      "intersections_mm3": {
        "eye_pod_camera_base_ov3660_candidate": 129.23001607655775
      },
      "total_intersection_mm3": 129.23001607655775
    },
    {
      "center_mm": [
        0,
        47.0,
        27.0
      ],
      "pitch_deg": -30,
      "frame_flat_to_chassis": [
        [
          6.123233995736766e-17,
          1.0,
          0.0,
          0.0
        ],
        [
          -0.8660254037844387,
          5.3028761936245346e-17,
          0.49999999999999994,
          47.0
        ],
        [
          0.49999999999999994,
          -3.0616169978683824e-17,
          0.8660254037844387,
          27.0
        ],
        [
          0.0,
          0.0,
          0.0,
          1.0
        ]
      ],
      "connector_center_mm": [
        -0.03167809710800957,
        55.35902349609529,
        24.956743831860983
      ],
      "opening_candidates_mm": [
        [
          -0.03167809710800975,
          57.957099707448606,
          23.456743831860983
        ],
        [
          -0.03167809710800939,
          52.760947284741974,
          26.456743831860983
        ]
      ],
      "straight_line_from_flex_start_mm": [
        8.398162008590766,
        10.646269695397736
      ],
      "intersections_mm3": {
        "eye_pod_camera_base_ov3660_candidate": 259.8078564004761
      },
      "total_intersection_mm3": 259.8078564004761
    },
    {
      "center_mm": [
        0,
        45.0,
        21.0
      ],
      "pitch_deg": 15,
      "frame_flat_to_chassis": [
        [
          6.123233995736766e-17,
          1.0,
          0.0,
          0.0
        ],
        [
          -0.9659258262890683,
          5.914589856893349e-17,
          -0.25881904510252074,
          45.0
        ],
        [
          -0.25881904510252074,
          1.5848095757158825e-17,
          0.9659258262890683,
          21.0
        ],
        [
          0.0,
          0.0,
          0.0,
          1.0
        ]
      ],
      "connector_center_mm": [
        -0.03167809710800957,
        52.35552249037901,
        25.46592190599432
      ],
      "opening_candidates_mm": [
        [
          -0.03167809710800975,
          55.253299969246214,
          26.242379041301884
        ],
        [
          -0.03167809710800939,
          49.457745011511804,
          24.689464770686758
        ]
      ],
      "straight_line_from_flex_start_mm": [
        8.489302428120299,
        14.376089703822958
      ],
      "intersections_mm3": {
        "eye_pod_camera_base_ov3660_candidate": 104.30065183147711
      },
      "total_intersection_mm3": 104.30065183147711
    },
    {
      "center_mm": [
        0,
        45.0,
        25.0
      ],
      "pitch_deg": -15,
      "frame_flat_to_chassis": [
        [
          6.123233995736766e-17,
          1.0,
          0.0,
          0.0
        ],
        [
          -0.9659258262890683,
          5.914589856893349e-17,
          0.25881904510252074,
          45.0
        ],
        [
          0.25881904510252074,
          -1.5848095757158825e-17,
          0.9659258262890683,
          25.0
        ],
        [
          0.0,
          0.0,
          0.0,
          1.0
        ]
      ],
      "connector_center_mm": [
        -0.03167809710800957,
        53.60303028777316,
        25.189840576719
      ],
      "opening_candidates_mm": [
        [
          -0.03167809710800975,
          56.500807766640364,
          24.413383441411437
        ],
        [
          -0.03167809710800939,
          50.70525280890595,
          25.966297712026563
        ]
      ],
      "straight_line_from_flex_start_mm": [
        8.594141765015356,
        12.740314036571696
      ],
      "intersections_mm3": {
        "eye_pod_camera_base_ov3660_candidate": 115.00039749474203
      },
      "total_intersection_mm3": 115.00039749474203
    },
    {
      "center_mm": [
        0,
        44.0,
        26.0
      ],
      "pitch_deg": -15,
      "frame_flat_to_chassis": [
        [
          6.123233995736766e-17,
          1.0,
          0.0,
          0.0
        ],
        [
          -0.9659258262890683,
          5.914589856893349e-17,
          0.25881904510252074,
          44.0
        ],
        [
          0.25881904510252074,
          -1.5848095757158825e-17,
          0.9659258262890683,
          26.0
        ],
        [
          0.0,
          0.0,
          0.0,
          1.0
        ]
      ],
      "connector_center_mm": [
        -0.03167809710800957,
        52.60303028777316,
        26.189840576719
      ],
      "opening_candidates_mm": [
        [
          -0.03167809710800975,
          55.500807766640364,
          25.413383441411437
        ],
        [
          -0.03167809710800939,
          49.70525280890595,
          26.966297712026563
        ]
      ],
      "straight_line_from_flex_start_mm": [
        8.723686232295083,
        13.388650753885486
      ],
      "intersections_mm3": {
        "eye_pod_camera_base_ov3660_candidate": 126.86390388506594
      },
      "total_intersection_mm3": 126.86390388506594
    },
    {
      "center_mm": [
        0,
        48.0,
        18.0
      ],
      "pitch_deg": 45,
      "frame_flat_to_chassis": [
        [
          6.123233995736766e-17,
          1.0,
          0.0,
          0.0
        ],
        [
          -0.7071067811865476,
          4.329780281177467e-17,
          -0.7071067811865475,
          48.0
        ],
        [
          -0.7071067811865475,
          4.329780281177466e-17,
          0.7071067811865476,
          18.0
        ],
        [
          0.0,
          0.0,
          0.0,
          1.0
        ]
      ],
      "connector_center_mm": [
        -0.03167809710800957,
        52.13710838177884,
        25.545363067098005
      ],
      "opening_candidates_mm": [
        [
          -0.03167809710800975,
          54.25842872533848,
          27.666683410657647
        ],
        [
          -0.03167809710800939,
          50.01578803821919,
          23.424042723538363
        ]
      ],
      "straight_line_from_flex_start_mm": [
        8.823514930533891,
        14.436076208299156
      ],
      "intersections_mm3": {
        "eye_pod_camera_base_ov3660_candidate": 205.1750550014456
      },
      "total_intersection_mm3": 205.1750550014456
    },
    {
      "center_mm": [
        0,
        46.0,
        19.0
      ],
      "pitch_deg": 30,
      "frame_flat_to_chassis": [
        [
          6.123233995736766e-17,
          1.0,
          0.0,
          0.0
        ],
        [
          -0.8660254037844387,
          5.3028761936245346e-17,
          -0.49999999999999994,
          46.0
        ],
        [
          -0.49999999999999994,
          3.0616169978683824e-17,
          0.8660254037844387,
          19.0
        ],
        [
          0.0,
          0.0,
          0.0,
          1.0
        ]
      ],
      "connector_center_mm": [
        -0.03167809710800957,
        51.949023496095286,
        25.217498614380027
      ],
      "opening_candidates_mm": [
        [
          -0.03167809710800975,
          54.5470997074486,
          26.717498614380027
        ],
        [
          -0.03167809710800939,
          49.35094728474197,
          23.717498614380027
        ]
      ],
      "straight_line_from_flex_start_mm": [
        8.901957329758062,
        14.886267369202042
      ],
      "intersections_mm3": {
        "eye_pod_camera_base_ov3660_candidate": 103.72360500298122
      },
      "total_intersection_mm3": 103.72360500298122
    },
    {
      "center_mm": [
        0,
        44.0,
        23.0
      ],
      "pitch_deg": 0,
      "frame_flat_to_chassis": [
        [
          6.123233995736766e-17,
          1.0,
          0.0,
          0.0
        ],
        [
          -1.0,
          6.123233995736766e-17,
          0.0,
          44.0
        ],
        [
          0.0,
          0.0,
          1.0,
          23.0
        ],
        [
          0.0,
          0.0,
          0.0,
          1.0
        ]
      ],
      "connector_center_mm": [
        -0.03167809710800957,
        52.260754782519044,
        25.410000000000007
      ],
      "opening_candidates_mm": [
        [
          -0.03167809710800975,
          55.260754782519044,
          25.410000000000007
        ],
        [
          -0.03167809710800939,
          49.260754782519044,
          25.410000000000007
        ]
      ],
      "straight_line_from_flex_start_mm": [
        8.923061675549416,
        14.288159809045194
      ],
      "intersections_mm3": {
        "eye_pod_camera_base_ov3660_candidate": 76.11282453878418
      },
      "total_intersection_mm3": 76.11282453878418
    },
    {
      "center_mm": [
        0,
        44.0,
        22.0
      ],
      "pitch_deg": 15,
      "frame_flat_to_chassis": [
        [
          6.123233995736766e-17,
          1.0,
          0.0,
          0.0
        ],
        [
          -0.9659258262890683,
          5.914589856893349e-17,
          -0.25881904510252074,
          44.0
        ],
        [
          -0.25881904510252074,
          1.5848095757158825e-17,
          0.9659258262890683,
          22.0
        ],
        [
          0.0,
          0.0,
          0.0,
          1.0
        ]
      ],
      "connector_center_mm": [
        -0.03167809710800957,
        51.35552249037901,
        26.46592190599432
      ],
      "opening_candidates_mm": [
        [
          -0.03167809710800975,
          54.253299969246214,
          27.242379041301884
        ],
        [
          -0.03167809710800939,
          48.457745011511804,
          25.689464770686758
        ]
      ],
      "straight_line_from_flex_start_mm": [
        8.970211330454367,
        14.951711344977394
      ],
      "intersections_mm3": {
        "eye_pod_camera_base_ov3660_candidate": 109.5185404720507
      },
      "total_intersection_mm3": 109.5185404720507
    },
    {
      "center_mm": [
        0,
        48.0,
        17.0
      ],
      "pitch_deg": 45,
      "frame_flat_to_chassis": [
        [
          6.123233995736766e-17,
          1.0,
          0.0,
          0.0
        ],
        [
          -0.7071067811865476,
          4.329780281177467e-17,
          -0.7071067811865475,
          48.0
        ],
        [
          -0.7071067811865475,
          4.329780281177466e-17,
          0.7071067811865476,
          17.0
        ],
        [
          0.0,
          0.0,
          0.0,
          1.0
        ]
      ],
      "connector_center_mm": [
        -0.03167809710800957,
        52.13710838177884,
        24.545363067098005
      ],
      "opening_candidates_mm": [
        [
          -0.03167809710800975,
          54.25842872533848,
          26.666683410657647
        ],
        [
          -0.03167809710800939,
          50.01578803821919,
          22.424042723538363
        ]
      ],
      "straight_line_from_flex_start_mm": [
        9.185823925890292,
        14.946923534097696
      ],
      "intersections_mm3": {
        "eye_pod_camera_base_ov3660_candidate": 118.7000408516355
      },
      "total_intersection_mm3": 118.7000408516355
    }
  ],
  "limitation": "直線距離は可否の必要条件。曲げ/接点4mm挿入/抜差し/保持具が未確認なので、これだけで合格にしない。"
}
