[1] eye_pod (元キット形状) の実メッシュ整合
  OK  watertight かつ単一連結体
  OK  アームポケット/ハブ逃げが空隙 (中実=0)
  OK  ハブ逃げの底が中実 (貫通しない)
  OK  キャップ径 37.7 = 実測 37.7 (元パーツ流用)
  OK  全高 23.7 = ネック 8.0 + キャップ 15.7
  OK  キャップ 37.7 ≤ 座グリ 42.3 - 3 (回転ギャップ 2.3mm)
  OK  ネック φ24 ≤ ボア 30.0 - 4 (回転クリアランス片側 3mm)
  OK  ドット穴 ×3 が存在 (表面下0.5mm が空隙, 中実=0)
  OK  ドット穴以外のドーム面は中実 (対照プローブ)
[2] eye_carrier の整合
  OK  サーボケースポケットが貫通
  OK  プレート肉が中実
[3] 幾何
  ドット群の軸からの横距離 [11.1 15.1 15.1] mm → 掃引径 ~28 mm
  OK  視線マークの掃引径 28 ≥ 12 mm (キョロキョロが目立つ)
  OK  最下ドット z=16.2 がリム面 z=10.5 より 5.7mm 上 (縁に隠れない)
  モジュール奥行き ~51 mm vs 頭部ドーム内半径 ~60 mm
  OK  目モジュールがドーム内に収まる (中心干渉は [5] で検算)
  OK  隣接ソケット中心間 (実測) 65 mm > キャップ径+4 (相互非接触)
[4] 組付けスタック (タブ面 z=0 基準, config から検算)
  アーム上面 +7.7 / ポッド背面 +6.1 / ケース上面 +4.5
  OK  回転ポッド背面とケース上面のクリアランス 1.6 ≥ 1.0 mm
  OK  タブビス頭上面 +3.1 とのクリアランス 3.0 ≥ 1.0 mm
[5] 2 サーボ + 1 カメラの収容 (実測ソケット位置 + 指定ロールでの相互クリアランス)
  リム面→タブ面の奥行き 16.6 mm (床 4.0 - 浮き 1.5 + ネック 8.0 + 背面浮き 6.1)
  右-左 サーボ実体間の最短距離 41.9 mm
  OK  左右サーボ尾部間クリアランス 41.9 ≥ 3.0 mm (指定ロールで成立)
  中央カメラ-右 サーボ実体間の最短距離 25.8 mm
  中央カメラ-左 サーボ実体間の最短距離 34.2 mm
  OK  カメラ-サーボ間クリアランス 25.8 ≥ 3.0 mm (指定ロールで成立)

result: OK
