test_boolean_error_is_not_a_clearance (tools.tests.test_audit_gates.AuditGateTests.test_boolean_error_is_not_a_clearance) ... ok
test_detected_intersection_fails_full_leg_check (tools.tests.test_audit_gates.AuditGateTests.test_detected_intersection_fails_full_leg_check) ... ok
test_insufficient_torque_fails_full_gait_check (tools.tests.test_audit_gates.AuditGateTests.test_insufficient_torque_fails_full_gait_check) ... ok
test_nan_volume_is_not_a_clearance (tools.tests.test_audit_gates.AuditGateTests.test_nan_volume_is_not_a_clearance) ... ok
test_conflicting_modes_fail_before_network (tools.tests.test_issue_sync.IssueSyncTests.test_conflicting_modes_fail_before_network) ... ok
test_dry_run_does_not_invent_existing_relations (tools.tests.test_issue_sync.IssueSyncTests.test_dry_run_does_not_invent_existing_relations) ... ok
test_dry_run_reports_existing_body_change_without_writing (tools.tests.test_issue_sync.IssueSyncTests.test_dry_run_reports_existing_body_change_without_writing) ... ok
test_duplicate_remote_key_refuses_overwrite (tools.tests.test_issue_sync.IssueSyncTests.test_duplicate_remote_key_refuses_overwrite) ... ok
test_managed_label_change_preserves_custom_labels (tools.tests.test_issue_sync.IssueSyncTests.test_managed_label_change_preserves_custom_labels) ... ok
test_manual_status_is_preserved (tools.tests.test_issue_sync.IssueSyncTests.test_manual_status_is_preserved) ... ok
test_plan_doc_second_run_is_identical (tools.tests.test_issue_sync.IssueSyncTests.test_plan_doc_second_run_is_identical) ... ok
test_ready_uses_actual_closed_dependencies (tools.tests.test_issue_sync.IssueSyncTests.test_ready_uses_actual_closed_dependencies) ... ok
test_reconcile_preserves_retired_key_dependencies (tools.tests.test_issue_sync.IssueSyncTests.test_reconcile_preserves_retired_key_dependencies) ... ok
test_same_volume_and_height_are_not_shape_identity (tools.tests.test_print_artifacts.PrintArtifactsTests.test_same_volume_and_height_are_not_shape_identity) ... ok
test_tpu_regeneration_preserves_source_and_rejects_overwrite (tools.tests.test_print_artifacts.PrintArtifactsTests.test_tpu_regeneration_preserves_source_and_rejects_overwrite) ... ok
test_vertex_order_translation_and_rotation_are_allowed (tools.tests.test_print_artifacts.PrintArtifactsTests.test_vertex_order_translation_and_rotation_are_allowed) ... ok
test_asymmetric_internal_cut_keeps_original_reference_frame (tools.tests.test_render_contracts.RenderContracts.test_asymmetric_internal_cut_keeps_original_reference_frame) ... ok
test_failed_ik_does_not_render_invented_pose (tools.tests.test_render_contracts.RenderContracts.test_failed_ik_does_not_render_invented_pose) ... ok
test_foot_render_matches_projected_workspace_at_height_limits (tools.tests.test_render_contracts.RenderContracts.test_foot_render_matches_projected_workspace_at_height_limits) ... ok
test_head_height_has_one_config_source (tools.tests.test_render_contracts.RenderContracts.test_head_height_has_one_config_source) ... ok
test_head_shell_follows_config_and_matches_child_frame (tools.tests.test_render_contracts.RenderContracts.test_head_shell_follows_config_and_matches_child_frame) ... ok
test_holding_is_independent_of_gait_phase (tools.tests.test_render_contracts.RenderContracts.test_holding_is_independent_of_gait_phase) ... ok
test_mirrored_arm_retains_outward_winding (tools.tests.test_render_contracts.RenderContracts.test_mirrored_arm_retains_outward_winding) ... ok
test_previews_share_current_holding_pose (tools.tests.test_render_contracts.RenderContracts.test_previews_share_current_holding_pose) ... ok
test_replaced_stl_refreshes_in_same_process (tools.tests.test_render_contracts.RenderContracts.test_replaced_stl_refreshes_in_same_process) ... ok
test_conflicting_duplicate_refuses_entire_batch (tools.tests.test_extract_meshes.ExtractMeshesTests.test_conflicting_duplicate_refuses_entire_batch) ... ok
test_existing_part_is_not_overwritten (tools.tests.test_extract_meshes.ExtractMeshesTests.test_existing_part_is_not_overwritten) ... ok
test_meaningful_part_number_is_preserved (tools.tests.test_extract_meshes.ExtractMeshesTests.test_meaningful_part_number_is_preserved) ... ok
test_xml_attribute_order_single_quotes_and_units (tools.tests.test_extract_meshes.ExtractMeshesTests.test_xml_attribute_order_single_quotes_and_units) ... ok
test_boolean_failure_is_not_clearance (tools.tests.test_mesh_checks.MeshChecks.test_boolean_failure_is_not_clearance) ... ok
test_empty_mesh_is_zero (tools.tests.test_mesh_checks.MeshChecks.test_empty_mesh_is_zero) ... ok
test_missing_and_invalid_volume_fail (tools.tests.test_mesh_checks.MeshChecks.test_missing_and_invalid_volume_fail) ... ok
test_rejects_horn_seat_loss_even_when_servo_frame_remains (tools.tests.test_coxa_sweep.CoxaSweepNegativeTests.test_rejects_horn_seat_loss_even_when_servo_frame_remains) ... ok
test_generate_stops_on_first_failure (tools.tests.test_integration_audit.AuditRunnerGuards.test_generate_stops_on_first_failure) ... ok
test_preexisting_evidence_prevents_any_command (tools.tests.test_integration_audit.AuditRunnerGuards.test_preexisting_evidence_prevents_any_command) ... ok
test_subprocess_error_keeps_all_other_results (tools.tests.test_integration_audit.AuditRunnerGuards.test_subprocess_error_keeps_all_other_results) ... ok
test_member_digest_follows_archive_content_and_missing_member (tools.tests.test_integration_audit.CoverageArchiveGuards.test_member_digest_follows_archive_content_and_missing_member) ... ok
test_boolean_failure_is_recorded (tools.tests.test_integration_audit.StaticAssemblyGuards.test_boolean_failure_is_recorded) ... ok
test_empty_base_and_missing_link_are_rejected (tools.tests.test_integration_audit.StaticAssemblyGuards.test_empty_base_and_missing_link_are_rejected) ... ok
test_nonbase_same_body_collision_is_rejected (tools.tests.test_integration_audit.StaticAssemblyGuards.test_nonbase_same_body_collision_is_rejected) ... ok
test_valid_empty_optical_frame_is_allowed (tools.tests.test_integration_audit.StaticAssemblyGuards.test_valid_empty_optical_frame_is_allowed) ... ok
test_bad_roundtrip_cannot_replace_existing_output (tools.tests.test_stl_export.STLExportTests.test_bad_roundtrip_cannot_replace_existing_output) ... ok
test_real_tibia_removes_zero_volume_faces_without_flipping_material (tools.tests.test_stl_export.STLExportTests.test_real_tibia_removes_zero_volume_faces_without_flipping_material) ... ok
test_roundtrip_valid_volume_is_written (tools.tests.test_stl_export.STLExportTests.test_roundtrip_valid_volume_is_written) ... ok
test_closed_internal_void_remains_valid (tools.tests.test_export_stl.ExportBoundaryTests.test_closed_internal_void_remains_valid) ... ok
test_closed_positive_mesh_with_wrong_cavity_volume_is_rejected (tools.tests.test_export_stl.ExportBoundaryTests.test_closed_positive_mesh_with_wrong_cavity_volume_is_rejected) ... ok
test_closed_source_rejected_when_float32_stl_collapses (tools.tests.test_export_stl.ExportBoundaryTests.test_closed_source_rejected_when_float32_stl_collapses) ... ok
test_disjoint_closed_solids_remain_allowed_by_generic_export (tools.tests.test_export_stl.ExportBoundaryTests.test_disjoint_closed_solids_remain_allowed_by_generic_export) ... ok
test_duplicate_and_degenerate_faces_are_removed_without_flipping_void (tools.tests.test_export_stl.ExportBoundaryTests.test_duplicate_and_degenerate_faces_are_removed_without_flipping_void) ... ok
test_empty_nonfinite_and_inward_meshes_preserve_previous_output (tools.tests.test_export_stl.ExportBoundaryTests.test_empty_nonfinite_and_inward_meshes_preserve_previous_output) ... ok
test_mirrored_manifold_exports_outward_normals (tools.tests.test_export_stl.ExportBoundaryTests.test_mirrored_manifold_exports_outward_normals) ... ok
test_partial_write_failure_preserves_previous_and_cleans_temporary_file (tools.tests.test_export_stl.ExportBoundaryTests.test_partial_write_failure_preserves_previous_and_cleans_temporary_file) ... ok
test_replace_failure_preserves_previous_and_cleans_temporary_file (tools.tests.test_export_stl.ExportBoundaryTests.test_replace_failure_preserves_previous_and_cleans_temporary_file) ... ok

----------------------------------------------------------------------
Ran 53 tests in 42.622s

OK
    brim: foot_pad.stl (contact 8mm2)
  built foot_pad.3mf: 4 instances / 1 objects / 1 plate(s) / 65KB
Peg                                              10.0 x   10.0 x   10.0 mm  watertight=True
  tibia                          30.0 x   34.9 x  150.0 mm  watertight=True  vol=34.3cm3
  part                            2.0 x    3.0 x    4.0 mm  watertight=True  vol=0.0cm3
