{
  "mode": "STL",
  "step_deg": 0.25,
  "firmware_limits_match": {
    "ARM_PITCH_MIN": true,
    "ARM_PITCH_MAX": true,
    "ARM_ELBOW_MIN": true,
    "ARM_ELBOW_MAX": true
  },
  "pairs": {
    "shoulder_upper": {
      "worst_mm3": 54.57596294504388,
      "samples": 521
    },
    "upper_forearm": {
      "worst_mm3": 598.5648560701421,
      "samples": 381
    },
    "elbow_shell_forearm": {
      "worst_mm3": 275.37892037763345,
      "samples": 381
    }
  },
  "forearm_horn_disc_lost_mm3": 1.1975130971468621e-06,
  "shoulder_servo_frame_lost_mm3": 9.344823990577174e-05,
  "forearm_sections": [
    {
      "x_mm": 10.0,
      "area_mm2": 497.87108853242665
    },
    {
      "x_mm": 12.0,
      "area_mm2": 473.1165698912986
    },
    {
      "x_mm": 14.0,
      "area_mm2": 503.54495729044044
    },
    {
      "x_mm": 15.0,
      "area_mm2": 494.510843512635
    },
    {
      "x_mm": 15.9,
      "area_mm2": 453.9626995935893
    }
  ],
  "parts": {
    "shoulder_bracket": {
      "volume_mm3": 7678.745442836448,
      "components": 1,
      "watertight": true
    },
    "upper_arm": {
      "volume_mm3": 8413.953692313446,
      "components": 1,
      "watertight": true
    },
    "forearm": {
      "volume_mm3": 4587.466030414676,
      "components": 1,
      "watertight": true
    },
    "elbow_shell": {
      "volume_mm3": 1490.602582220973,
      "components": 1,
      "watertight": true
    }
  },
  "strength_status": "UNVERIFIED: 断面積は幾何記録。接着・層間強度と疲労の実証ではない",
  "pass": false
}
