{
  "mode": "source",
  "step_deg": 0.25,
  "firmware_limits_match": {
    "ARM_PITCH_MIN": true,
    "ARM_PITCH_MAX": true,
    "ARM_ELBOW_MIN": true,
    "ARM_ELBOW_MAX": true
  },
  "pairs": {
    "shoulder_upper": {
      "worst_mm3": 0.0,
      "samples": 521
    },
    "upper_forearm": {
      "worst_mm3": 0.0,
      "samples": 381
    },
    "elbow_shell_forearm": {
      "worst_mm3": 0.0,
      "samples": 381
    }
  },
  "forearm_horn_disc_lost_mm3": 5.554706542822141e-16,
  "shoulder_servo_frame_lost_mm3": 0.0,
  "forearm_sections": [
    {
      "x_mm": 10.0,
      "area_mm2": 153.3092768825835
    },
    {
      "x_mm": 12.0,
      "area_mm2": 175.3278696285374
    },
    {
      "x_mm": 14.0,
      "area_mm2": 312.7763689651378
    },
    {
      "x_mm": 15.0,
      "area_mm2": 494.0921020212334
    },
    {
      "x_mm": 15.9,
      "area_mm2": 453.96273103582575
    }
  ],
  "parts": {
    "shoulder_bracket": {
      "volume_mm3": 7513.883799595132,
      "components": 1,
      "watertight": true
    },
    "upper_arm": {
      "volume_mm3": 8413.954863149298,
      "components": 1,
      "watertight": true
    },
    "forearm": {
      "volume_mm3": 2951.1798855192296,
      "components": 1,
      "watertight": true
    },
    "elbow_shell": {
      "volume_mm3": 1490.602597546249,
      "components": 1,
      "watertight": true
    }
  },
  "strength_status": "UNVERIFIED: 断面積は幾何記録。接着・層間強度と疲労の実証ではない",
  "pass": true
}
