{
  "mode": "STL",
  "step_deg": 0.25,
  "firmware_limits_match": {
    "ARM_PITCH_MIN": true,
    "ARM_PITCH_MAX": true,
    "ARM_ELBOW_MIN": true,
    "ARM_ELBOW_MAX": true
  },
  "pairs": {
    "shoulder_upper": {
      "worst_mm3": 0.0,
      "samples": 521
    },
    "upper_forearm": {
      "worst_mm3": 0.0,
      "samples": 381
    },
    "elbow_shell_forearm": {
      "worst_mm3": 0.0,
      "samples": 381
    }
  },
  "forearm_horn_disc_lost_mm3": 1.2658285835136065e-06,
  "shoulder_servo_frame_lost_mm3": 9.344823990577174e-05,
  "forearm_sections": [
    {
      "x_mm": 10.0,
      "area_mm2": 153.3092424956969
    },
    {
      "x_mm": 12.0,
      "area_mm2": 175.3278708916749
    },
    {
      "x_mm": 14.0,
      "area_mm2": 312.7763716911085
    },
    {
      "x_mm": 15.0,
      "area_mm2": 494.0921102307221
    },
    {
      "x_mm": 15.9,
      "area_mm2": 453.9626995935879
    }
  ],
  "parts": {
    "shoulder_bracket": {
      "volume_mm3": 7513.88464710599,
      "components": 1,
      "watertight": true
    },
    "upper_arm": {
      "volume_mm3": 8413.953692313446,
      "components": 1,
      "watertight": true
    },
    "forearm": {
      "volume_mm3": 2951.1798844720097,
      "components": 1,
      "watertight": true
    },
    "elbow_shell": {
      "volume_mm3": 1490.602582220973,
      "components": 1,
      "watertight": true
    }
  },
  "strength_status": "UNVERIFIED: 断面積は幾何記録。接着・層間強度と疲労の実証ではない",
  "pass": true
}
