{
  "mode": "source",
  "offsets_match_JSON": true,
  "mic_front_insertion": {
    "worst_mm3": 0.0,
    "samples": 97
  },
  "ball_neck_intersection_mm3": 0.0,
  "cap_neck_intersection_mm3": 0.0,
  "cap_neck_insertion": {
    "worst_mm3": 0.0,
    "samples": 121
  },
  "ball_neck_insertion": {
    "worst_mm3": 0.0,
    "samples": 121
  },
  "neck_material_removed_mm3": 2179.0274557712187,
  "neck_removed_outside_hidden_seat_mm3": 0.256454125586583,
  "neck_watertight": true,
  "neck_components": 1,
  "neck_volume_mm3": 1492.9640198883228,
  "pass": true
}
