{
  "baseline_files": 515,
  "baseline_kinds": {
    "structured": 110,
    "document": 21,
    "print_project": 27,
    "source": 77,
    "media": 39,
    "mesh": 241
  },
  "covered_files": 515,
  "missing_review": [],
  "pending_current_hash_refresh": [
    "README.md",
    "AGENTS.md",
    "tools/sim_physics.py",
    "tools/tests/simulation_regression.py",
    "tools/issues/issue_map.json",
    "tools/issues/plan.py",
    "hardware/urdf/tachikoma.urdf",
    "hardware/urdf/meshes/arm_l_forearm__col_0.stl",
    "hardware/urdf/meshes/arm_l_forearm__vis_grey.stl",
    "hardware/urdf/meshes/base_link__vis_chassis_grey.stl",
    "hardware/urdf/meshes/leg_rr_coxa__vis_coxa_blue.stl",
    "hardware/urdf/meshes/leg_rl_coxa__vis_coxa_blue.stl",
    "hardware/urdf/meshes/leg_rr_coxa__col_0.stl",
    "hardware/urdf/meshes/leg_fr_coxa__vis_coxa_blue.stl",
    "hardware/urdf/meshes/leg_fr_coxa__col_0.stl",
    "hardware/urdf/meshes/leg_fl_coxa__vis_coxa_blue.stl",
    "hardware/urdf/meshes/base_link__vis_kit_blue.stl",
    "hardware/urdf/meshes/arm_r_upper__vis_grey.stl",
    "hardware/urdf/meshes/arm_l_upper__col_0.stl",
    "hardware/urdf/meshes/arm_r_forearm__col_0.stl",
    "hardware/urdf/meshes/arm_r_upper__col_0.stl",
    "hardware/urdf/meshes/base_link__col_3.stl",
    "hardware/urdf/meshes/base_link__col_1.stl",
    "hardware/urdf/meshes/base_link__col_0.stl",
    "hardware/urdf/meshes/arm_r_forearm__vis_grey.stl",
    "hardware/urdf/meshes/arm_l_upper__vis_grey.stl",
    "hardware/urdf/meshes/leg_fl_coxa__col_0.stl",
    "hardware/urdf/meshes/leg_rl_coxa__col_0.stl",
    "hardware/src/make_chassis.py",
    "hardware/src/config.py",
    "hardware/src/lib.py",
    "docs/urdf.md",
    "docs/assembly.md",
    "docs/build_plan.md",
    "docs/HANDOFF.md"
  ],
  "additional_reviewed_files": 139,
  "additional_pending_current_hash_refresh": [
    "docs/audits/20260905-round2/simulation/build_coverage.py",
    "tools/audit_mechanical_inventory.py",
    "tools/run_design_audit.py",
    "tools/sim_collision.py",
    "tools/sim_stress.py"
  ],
  "method_note": "読解/構造解析/実メッシュ検査/静止画目視/動画抽出を区別。動画全フレームの目視や不在の元Downloads3MFの確認を主張しない。実行環境/Git内部は対象外。担当記録の存在は全欠陥の不存在を意味しない。"
}
