TACHIKOMA_Phase0_PETG.3mf findings 3
hardware/src/arm_shell.py findings 0
hardware/src/build_all.py findings 0
hardware/src/config.py findings 0
hardware/src/lib.py findings 0
hardware/src/make_arm.py findings 1
hardware/src/make_audio.py findings 1
hardware/src/make_camera.py findings 1
hardware/src/make_chassis.py findings 1
hardware/src/make_eye.py findings 0
hardware/src/make_head.py findings 0
hardware/src/make_leg.py findings 0
hardware/src/shell_mod.py findings 0
hardware/stl/Head_Bottom_Armcut.stl findings 0
hardware/stl/Head_Top_Eyecut.stl findings 0
hardware/stl/Mouth_Ball_Bored.stl findings 0
hardware/stl/Mouth_Cannon_Bored.stl findings 0
hardware/stl/Mouth_Neck_Bored.stl findings 0
hardware/stl/PETG_1_Chassis.3mf findings 0
hardware/stl/PETG_2_Tibia.3mf findings 0
hardware/stl/PETG_3_Femur.3mf findings 0
hardware/stl/PETG_4_CoxaArm.3mf findings 4
hardware/stl/PETG_5_Mic.3mf findings 0
hardware/stl/PETG_Walk_1_Chassis.3mf findings 0
hardware/stl/PETG_Walk_2_CoxaFemur.3mf findings 0
hardware/stl/PETG_Walk_3_Tibia.3mf findings 0
hardware/stl/PETG_Walk_4_Rest.3mf findings 3
hardware/stl/PLA_Black_1.3mf findings 0
hardware/stl/PLA_Matte_Blue_1.3mf findings 1
hardware/stl/PLA_Matte_Blue_2.3mf findings 1
hardware/stl/PLA_Matte_Blue_3.3mf findings 0
hardware/stl/PLA_Matte_Blue_4.3mf findings 0
hardware/stl/PLA_Matte_Blue_5_HeadTop.3mf findings 0
hardware/stl/PLA_Matte_Gray.3mf findings 1
hardware/stl/PLA_Matte_Gray_2.3mf findings 0
hardware/stl/PLA_Matte_White.3mf findings 0
hardware/stl/PLA_Matte_White_2.3mf findings 0
hardware/stl/PLA_Matte_White_3_CamBase.3mf findings 0
hardware/stl/PLA_Red_1.3mf findings 0
hardware/stl/arm_pod_lower.stl findings 0
hardware/stl/arm_pod_lower_L.stl findings 0
hardware/stl/arm_pod_upper.stl findings 0
hardware/stl/arm_pod_upper_L.stl findings 0
hardware/stl/audio_cradle_mic.stl findings 0
hardware/stl/audio_cradle_spk.stl findings 0
hardware/stl/battery_cradle.stl findings 0
hardware/stl/camera_carrier.stl findings 0
hardware/stl/chassis.stl findings 0
hardware/stl/claw_mount.stl findings 0
hardware/stl/claw_mount_L.3mf findings 12
hardware/stl/claw_mount_L.stl findings 0
hardware/stl/coxa_bracket.stl findings 0
hardware/stl/coxa_bracket_m.stl findings 0
hardware/stl/elbow_shell.stl findings 0
hardware/stl/elbow_shell_L.stl findings 0
hardware/stl/elbow_shells_PLA_Matte.3mf findings 0
hardware/stl/eye_carrier.stl findings 0
hardware/stl/eye_pod.stl findings 0
hardware/stl/eye_pod_camera.stl findings 0
hardware/stl/eye_pod_camera_base.stl findings 0
hardware/stl/eye_pod_camera_base_x2.3mf findings 1
hardware/stl/eye_pod_camera_shell.stl findings 0
hardware/stl/femur_link.stl findings 0
hardware/stl/femur_link_m.stl findings 0
hardware/stl/foot_pad.3mf findings 1
hardware/stl/foot_pad.stl findings 0
hardware/stl/forearm.stl findings 0
hardware/stl/forearm_L.stl findings 0
hardware/stl/leg_foot_bored.3mf findings 1
hardware/stl/leg_foot_bored.stl findings 0
hardware/stl/pod_neck.stl findings 0
hardware/stl/shin_shell.stl findings 0
hardware/stl/shin_shell_m.stl findings 0
hardware/stl/shoulder_bracket.stl findings 0
hardware/stl/shoulder_bracket_L.stl findings 0
hardware/stl/thigh_cap.stl findings 0
hardware/stl/tibia_link.stl findings 0
hardware/stl/tibia_link_m.stl findings 0
hardware/stl/upper_arm.stl findings 0
hardware/stl/upper_arm_L.stl findings 0
model/Arm_Left.stl findings 0
model/Arm_Left_Claw_Grey.stl findings 0
model/Arm_Left_Elbow_Grey.stl findings 1
model/Arm_Left_FingerTip_Grey_x3.stl findings 0
model/Arm_Left_Finger_Black_x3.stl findings 0
model/Arm_Left_Guard_Grey.stl findings 0
model/Arm_Right.stl findings 0
model/Arm_Right_Claw_Grey.stl findings 0
model/Arm_Right_Elbow_Grey.stl findings 1
model/Arm_Right_Guard_Grey.stl findings 0
model/Cabin_Back_Blue_Repaired.stl findings 0
model/Cabin_Eye_White.stl findings 0
model/Cabin_Front_Blue.stl findings 0
model/Cabin_Front_Insert_Back_Black_x2.stl findings 0
model/Cabin_Front_Insert_Bottom_Long_Black_x2.stl findings 0
model/Cabin_Front_Insert_Bottom_Wide_Black.stl findings 0
model/Cabin_Front_Insert_Front_Black.stl findings 0
model/Cabin_Front_Insert_Left_Black.stl findings 0
model/Cabin_Front_Insert_Right_Black.stl findings 0
model/Cabin_Peg_x2.stl findings 0
model/Cabin_RedLight_Large_Red_x4.stl findings 0
model/Cabin_RedLight_Small_Red_x4.stl findings 0
model/Cabin_Spinnarette_Grey_x4.stl findings 0
model/Cabin_Turrent_Left_Grey.stl findings 0
model/Cabin_Turrent_Right_Grey.stl findings 0
model/Cabin_Turret_Peg_x2.stl findings 0
model/Head_Bottom_Blue.stl findings 0
model/Head_Bottom_Cap_Grey.stl findings 0
model/Head_Dome_Grey.stl findings 0
model/Head_Eye_White_x3.stl findings 0
model/Head_Insert_Black_x4.stl findings 0
model/Head_Peg_Lower.stl findings 0
model/Head_Peg_Upper.stl findings 0
model/Head_Plate_Grey.stl findings 0
model/Head_Plug_Grey.stl findings 0
model/Head_Screw_Grey_x2.stl findings 0
model/Head_TailJoint_Ball_Grey_Optional_Cross.stl findings 0
model/Head_TailJoint_Blue_Optional_Cross.stl findings 0
model/Head_TailJoint_Peg.stl findings 0
model/Head_TailJoint_Peg_Optional_Cross_Repaired.stl findings 0
model/Head_Top_Blue.stl findings 0
model/Leg_AnkleJoint_Grey_x4_Repaired.stl findings 0
model/Leg_Foot_Grey_x4_Repaired.stl findings 0
model/Leg_HipJoint_Grey_x4.stl findings 0
model/Leg_HipJoint_Socket_Grey_x4.stl findings 0
model/Leg_KneeJoint_Grey_x4.stl findings 0
model/Leg_Shin_Blue_x4.stl findings 0
model/Leg_Shin_Guard_Grey_x4.stl findings 0
model/Leg_Thigh_Grey_x4.stl findings 0
model/Leg_Thigh_Guard_Blue_x4.stl findings 0
model/Leg_Toe_Black_x12.stl findings 0
model/Mouth_Ball_Grey.stl findings 0
model/Mouth_Cannon_Grey.stl findings 0
model/Mouth_Cap_Grey.stl findings 0
model/Mouth_Key_Grey.stl findings 0
model/Mouth_Neck_Blue.stl findings 0
model/Mouth_Peg_Grey.stl findings 0
model/Stand_mount_Optional.stl findings 1
tools/audit_mechanical_inventory.py findings 0
tools/check_arm.py findings 0
tools/check_arm_joints.py findings 0
tools/check_audio.py findings 0
tools/check_audio_assembly.py findings 0
tools/check_camera.py findings 1
tools/check_eye.py findings 0
tools/check_head_pod_clearance.py findings 1
tools/check_kit_transforms.py findings 0
tools/check_leg_assembly.py findings 0
tools/check_leg_link_strength.py findings 0
tools/check_pod_neck_strength.py findings 0
tools/check_print_artifacts.py findings 0
tools/check_print_strength_sensitivity.py findings 0
tools/check_screw_bosses.py findings 0
tools/check_shin_arm_leg.py findings 0
tools/check_toe_contact.py findings 0
tools/data/cabin_peg_alignment_candidate.json findings 0
tools/data/kit_assembly_front.json findings 1
tools/data/kit_assembly_rear.json findings 0
tools/design_foot_support_candidates.py findings 0
tools/design_neck_wire_passage.py findings 0
tools/design_ov3660_camera.py findings 0
tools/extract_meshes.py findings 0
tools/kit_assembly.py findings 0
tools/make_head_eyecut.py findings 1
tools/make_plates.py findings 0
tools/mesh_checks.py findings 0
tools/render_foot_contact.py findings 0
tools/render_foot_support_candidates.py findings 0
台帳: 168 files -> /Users/uratayuuki/Documents/Tachikoma/docs/audits/20260905-round2/coverage-mechanical.json
