test_bad_roundtrip_cannot_replace_existing_output (tools.tests.test_stl_export.STLExportTests.test_bad_roundtrip_cannot_replace_existing_output) ... ok
test_real_tibia_removes_zero_volume_faces_without_flipping_material (tools.tests.test_stl_export.STLExportTests.test_real_tibia_removes_zero_volume_faces_without_flipping_material) ... ok
test_roundtrip_valid_volume_is_written (tools.tests.test_stl_export.STLExportTests.test_roundtrip_valid_volume_is_written) ... ok
test_closed_internal_void_remains_valid (tools.tests.test_export_stl.ExportBoundaryTests.test_closed_internal_void_remains_valid) ... ok
test_closed_positive_mesh_with_wrong_cavity_volume_is_rejected (tools.tests.test_export_stl.ExportBoundaryTests.test_closed_positive_mesh_with_wrong_cavity_volume_is_rejected) ... ok
test_closed_source_rejected_when_float32_stl_collapses (tools.tests.test_export_stl.ExportBoundaryTests.test_closed_source_rejected_when_float32_stl_collapses) ... ok
test_disjoint_closed_solids_remain_allowed_by_generic_export (tools.tests.test_export_stl.ExportBoundaryTests.test_disjoint_closed_solids_remain_allowed_by_generic_export) ... ok
test_duplicate_and_degenerate_faces_are_removed_without_flipping_void (tools.tests.test_export_stl.ExportBoundaryTests.test_duplicate_and_degenerate_faces_are_removed_without_flipping_void) ... ok
test_empty_nonfinite_and_inward_meshes_preserve_previous_output (tools.tests.test_export_stl.ExportBoundaryTests.test_empty_nonfinite_and_inward_meshes_preserve_previous_output) ... ok
test_mirrored_manifold_exports_outward_normals (tools.tests.test_export_stl.ExportBoundaryTests.test_mirrored_manifold_exports_outward_normals) ... ok
test_partial_write_failure_preserves_previous_and_cleans_temporary_file (tools.tests.test_export_stl.ExportBoundaryTests.test_partial_write_failure_preserves_previous_and_cleans_temporary_file) ... ok
test_replace_failure_preserves_previous_and_cleans_temporary_file (tools.tests.test_export_stl.ExportBoundaryTests.test_replace_failure_preserves_previous_and_cleans_temporary_file) ... ok
test_generate_stops_on_first_failure (tools.tests.test_integration_audit.AuditRunnerGuards.test_generate_stops_on_first_failure) ... ok
test_preexisting_evidence_prevents_any_command (tools.tests.test_integration_audit.AuditRunnerGuards.test_preexisting_evidence_prevents_any_command) ... ok
test_subprocess_error_keeps_all_other_results (tools.tests.test_integration_audit.AuditRunnerGuards.test_subprocess_error_keeps_all_other_results) ... ok
test_member_digest_follows_archive_content_and_missing_member (tools.tests.test_integration_audit.CoverageArchiveGuards.test_member_digest_follows_archive_content_and_missing_member) ... ok
test_boolean_failure_is_recorded (tools.tests.test_integration_audit.StaticAssemblyGuards.test_boolean_failure_is_recorded) ... ok
test_empty_base_and_missing_link_are_rejected (tools.tests.test_integration_audit.StaticAssemblyGuards.test_empty_base_and_missing_link_are_rejected) ... ok
test_nonbase_same_body_collision_is_rejected (tools.tests.test_integration_audit.StaticAssemblyGuards.test_nonbase_same_body_collision_is_rejected) ... ok
test_valid_empty_optical_frame_is_allowed (tools.tests.test_integration_audit.StaticAssemblyGuards.test_valid_empty_optical_frame_is_allowed) ... ok
test_head_shell_follows_config_and_matches_child_frame (tools.tests.test_render_contracts.RenderContracts.test_head_shell_follows_config_and_matches_child_frame) ... ok

----------------------------------------------------------------------
Ran 21 tests in 0.373s

OK
  tibia                          30.0 x   34.9 x  150.0 mm  watertight=True  vol=34.3cm3
  part                            2.0 x    3.0 x    4.0 mm  watertight=True  vol=0.0cm3
