native_nominal PASS roll 4.24 pitch 2.3 power {'mean': 1.307797097318215, 'max': 35.62979920903849, 'p95': 4.426409312911933} self initial mm 0
back PASS roll 4.27 pitch 3.02 power {'mean': 1.3745978269397157, 'max': 35.70383483372916, 'p95': 4.45422519991258} self initial mm 0
right PASS roll 4.18 pitch 2.11 power {'mean': 1.411806092161168, 'max': 35.51688469234735, 'p95': 4.534964861816465} self initial mm 0
left PASS roll 4.28 pitch 1.78 power {'mean': 1.3921763894447492, 'max': 35.737333329841015, 'p95': 4.485174742942142} self initial mm 0
turn_ccw PASS roll 4.33 pitch 1.96 power {'mean': 1.2028930341003607, 'max': 36.30512998768994, 'p95': 3.7245765437292135} self initial mm 0
turn_cw PASS roll 4.44 pitch 1.95 power {'mean': 1.4134616391445123, 'max': 35.44726729888481, 'p95': 4.537086206470836} self initial mm 0
compound PASS roll 4.41 pitch 2.21 power {'mean': 1.2641137218781873, 'max': 35.85734556691489, 'p95': 3.9866871163070754} self initial mm 0
height_110 PASS roll 4.08 pitch 2.4 power {'mean': 1.318251652537227, 'max': 36.55747166391154, 'p95': 4.494559673817073} self initial mm 0
height_120 PASS roll 4.2 pitch 2.21 power {'mean': 1.2948443519749988, 'max': 34.92265835043882, 'p95': 4.416633962266613} self initial mm 0
height_125 PASS roll 4.42 pitch 2.07 power {'mean': 1.29702786553544, 'max': 34.41030455978106, 'p95': 4.418892194442287} self initial mm 0
height_130 PASS roll 4.73 pitch 1.84 power {'mean': 1.314043359973512, 'max': 34.45881562132347, 'p95': 4.370810778104726} self initial mm 0
height_changes PASS roll 4.13 pitch 2.57 power {'mean': 1.6079589980265312, 'max': 34.533033057446474, 'p95': 4.630309073563678} self initial mm 0
abrupt_reverse PASS roll 4.14 pitch 2.3 power {'mean': 1.5170519305166912, 'max': 23.594032011177536, 'p95': 4.508673147893359} self initial mm 0
zero_direct PASS roll 4.2 pitch 2.3 power {'mean': 1.4099162838747077, 'max': 35.62032490465733, 'p95': 4.620741334783666} self initial mm 0
zero_sequential FALL roll 44.85 pitch 17.84 power {'mean': 1.557716011059476, 'max': 35.84969675819297, 'p95': 4.800341572634996} self initial mm 0
stop_phase_00 PASS roll 4.05 pitch 2.3 power {'mean': 1.364537643804433, 'max': 32.8491652154676, 'p95': 4.711119010479372} self initial mm 0
stop_phase_01 PASS roll 4.05 pitch 2.3 power {'mean': 1.2350366901959895, 'max': 22.87512124474607, 'p95': 4.260008098613322} self initial mm 0
stop_phase_02 PASS roll 4.05 pitch 2.3 power {'mean': 1.234965894254718, 'max': 22.87512124474607, 'p95': 4.199818200907609} self initial mm 0
stop_phase_03 PASS roll 4.05 pitch 2.3 power {'mean': 1.2286419764973013, 'max': 22.87512124474607, 'p95': 4.221651438812046} self initial mm 0
stop_phase_04 PASS roll 4.05 pitch 2.3 power {'mean': 1.2256265440994705, 'max': 22.87512124474607, 'p95': 4.259575971569645} self initial mm 0
stop_phase_05 PASS roll 4.05 pitch 2.3 power {'mean': 1.223637726752568, 'max': 22.87512124474607, 'p95': 4.211126024466457} self initial mm 0
stop_phase_06 PASS roll 4.4 pitch 2.3 power {'mean': 1.2103502475906807, 'max': 22.87512124474607, 'p95': 4.186465994605973} self initial mm 0
stop_phase_07 PASS roll 4.51 pitch 2.3 power {'mean': 1.2159701534467244, 'max': 22.87512124474607, 'p95': 4.222156552880655} self initial mm 0
stop_phase_08 PASS roll 4.05 pitch 2.3 power {'mean': 1.2383350501302532, 'max': 22.87512124474607, 'p95': 4.281915397292043} self initial mm 0
stop_phase_09 PASS roll 4.05 pitch 2.3 power {'mean': 1.254829591087581, 'max': 22.87512124474607, 'p95': 4.272545514283719} self initial mm 0
stop_phase_10 PASS roll 4.05 pitch 2.3 power {'mean': 1.255247510517849, 'max': 22.87512124474607, 'p95': 4.201561740092515} self initial mm 0
stop_phase_11 PASS roll 4.05 pitch 2.3 power {'mean': 1.2576436986660733, 'max': 22.87512124474607, 'p95': 4.225982514997952} self initial mm 0
stop_phase_12 PASS roll 4.05 pitch 2.3 power {'mean': 1.268907486957897, 'max': 22.87512124474607, 'p95': 4.290146569191187} self initial mm 0
stop_phase_13 PASS roll 4.05 pitch 2.3 power {'mean': 1.2727626279337048, 'max': 22.87512124474607, 'p95': 4.300982783696354} self initial mm 0
stop_phase_14 PASS roll 4.05 pitch 2.3 power {'mean': 1.2528091286991507, 'max': 22.87512124474607, 'p95': 4.213858151111868} self initial mm 0
stop_phase_15 PASS roll 4.05 pitch 2.3 power {'mean': 1.2538378589896828, 'max': 22.87512124474607, 'p95': 4.24643851691487} self initial mm 0
slope_-10 PASS roll 18.89 pitch 4.3 power {'mean': 1.297211240003209, 'max': 34.48301793449344, 'p95': 4.153835193677812} self initial mm 0
slope_-5 PASS roll 10.47 pitch 2.83 power {'mean': 1.29886336065574, 'max': 35.10374717454659, 'p95': 4.2700862023741575} self initial mm 0
slope_5 PASS roll 7.33 pitch 2.89 power {'mean': 1.3513380446650292, 'max': 35.41672530928279, 'p95': 4.53958249467358} self initial mm 0
slope_10 FALL roll 56.8 pitch 8.5 power {'mean': 1.6550843545375138, 'max': 34.031099533021404, 'p95': 5.310298349643524} self initial mm 0
step_2 PASS roll 4.05 pitch 2.3 power {'mean': 1.3071883873106016, 'max': 35.49752629055274, 'p95': 4.441274265432818} self initial mm 0
step_5 PASS roll 4.05 pitch 2.31 power {'mean': 1.329513362970588, 'max': 35.24509742495275, 'p95': 4.428256867046786} self initial mm 0
step_10 PASS roll 6.72 pitch 2.7 power {'mean': 1.3514387859370933, 'max': 33.89728793606111, 'p95': 4.488528312389085} self initial mm 0
push_2N PASS roll 4.24 pitch 2.3 power {'mean': 1.3090402043879177, 'max': 35.6298062223825, 'p95': 4.426496539576918} self initial mm 0
push_5N PASS roll 4.24 pitch 2.3 power {'mean': 1.3102438070169455, 'max': 35.62674898147917, 'p95': 4.423703339373106} self initial mm 0
push_10N PASS roll 4.2 pitch 2.3 power {'mean': 1.3076001887338944, 'max': 35.620258415877245, 'p95': 4.365150410057247} self initial mm 0
mass_scale_0.7 PASS roll 4.86 pitch 2.19 power {'mean': 1.05615603899886, 'max': 34.94010913699371, 'p95': 3.9651104626407574} self initial mm 0
mass_scale_1.3 PASS roll 3.7 pitch 2.24 power {'mean': 1.5479963186705579, 'max': 35.00011053895783, 'p95': 4.950109103293179} self initial mm 0
effort_scale_0.5 FAIL roll 4.66 pitch 2.23 power {'mean': 1.2643705615089085, 'max': 17.201203610914877, 'p95': 4.120591006269965} self initial mm 0
effort_scale_0.7 PASS roll 4.36 pitch 2.3 power {'mean': 1.2835945195066627, 'max': 24.335455417660015, 'p95': 4.347548217315879} self initial mm 0
effort_scale_0.9 PASS roll 4.02 pitch 2.3 power {'mean': 1.3024231115774516, 'max': 32.19816169012391, 'p95': 4.405889722889594} self initial mm 0
velocity_scale_0.5 PASS roll 4.45 pitch 2.3 power {'mean': 1.2613288893644283, 'max': 19.981643274187324, 'p95': 4.31648700418462} self initial mm 0
velocity_scale_0.75 PASS roll 4.09 pitch 2.3 power {'mean': 1.2946489874461702, 'max': 31.33817601473013, 'p95': 4.410224344954652} self initial mm 0
WARNING: Nan, Inf or huge value in QACC at DOF 0. The simulation is unstable. Time = 2.1020.

friction_0 NUMERICAL_FAILURE roll 178.33 pitch 89.5 power {'mean': 8058.439262443008, 'max': 8342825.199738428, 'p95': 13.683977565621962} self initial mm 0
friction_0.15 PASS roll 2.66 pitch 1.67 power {'mean': 1.2956433017338358, 'max': 34.58672348103929, 'p95': 3.9472703924744152} self initial mm 0
friction_0.3 PASS roll 3.09 pitch 1.77 power {'mean': 1.259828613674089, 'max': 35.53509792143238, 'p95': 4.017124514602636} self initial mm 0
friction_0.6 PASS roll 3.77 pitch 2.04 power {'mean': 1.2477226835276345, 'max': 36.41019281819932, 'p95': 4.218736198560118} self initial mm 0
combined_stress FAIL roll 2.43 pitch 1.75 power {'mean': 1.4877053711507433, 'max': 21.135235971942294, 'p95': 4.20747329434113} self initial mm 0
long_60 PASS roll 4.05 pitch 2.3 power {'mean': 1.4545108161777056, 'max': 22.87512124474607, 'p95': 4.402268302407819} self initial mm 0
long_180 PASS roll 4.05 pitch 2.3 power {'mean': 1.4671458537232298, 'max': 22.87512124474607, 'p95': 4.402792859709878} self initial mm 0
timestep_half PASS roll 4.27 pitch 2.29 power {'mean': 1.2851314111102565, 'max': 32.80111423573382, 'p95': 4.283806229369216} self initial mm 0
self_linked-hulls_nonparent INVALID_INITIAL_CONTACT_MODEL roll 4.12 pitch 1.14 power {'mean': 0.15946825528468941, 'max': 0.6557035145518634, 'p95': 0.5303505336812631} self initial mm 9.025649586429287
self_linked-hulls_all INVALID_INITIAL_CONTACT_MODEL roll 4.9 pitch 0.63 power {'mean': 0.3820661978767952, 'max': 1.5318898478135223, 'p95': 0.8834388533383876} self initial mm 24.61104067606077
self_parts_nonparent INVALID_INITIAL_CONTACT_MODEL roll 84.4 pitch 2.23 power {'mean': 3.3118002670850353, 'max': 13.7782508958687, 'p95': 10.020202873157588} self initial mm 9.146693564939147
self_parts_all INVALID_INITIAL_CONTACT_MODEL roll 179.2 pitch 74.66 power {'mean': 12.696114391294469, 'max': 99.25206801811085, 'p95': 63.77108728538091} self initial mm 19.039408597568624
self_vhacd_nonparent INVALID_INITIAL_CONTACT_MODEL roll 76.49 pitch 14.35 power {'mean': 3.101976339963773, 'max': 12.848247954303373, 'p95': 9.005765577452824} self initial mm 6.844497743198453
self_vhacd_all INVALID_INITIAL_CONTACT_MODEL roll 44.68 pitch 8.11 power {'mean': 1.2296775434984537, 'max': 6.453867538189391, 'p95': 4.636768029556113} self initial mm 9.122039587270738
contact_parts PASS roll 3.05 pitch 1.89 power {'mean': 1.249121390916948, 'max': 35.42713388414324, 'p95': 4.2197493521187495} self initial mm 0
contact_parts_uniform PASS roll 4.52 pitch 2.4 power {'mean': 1.3119905796279439, 'max': 36.00007319938652, 'p95': 4.449645429072944} self initial mm 0
contact_vhacd PASS roll 3.09 pitch 1.89 power {'mean': 1.249253178478788, 'max': 33.50770346283774, 'p95': 4.193205481072536} self initial mm 0
contact_vhacd_uniform PASS roll 4.49 pitch 2.42 power {'mean': 1.3098940025436165, 'max': 35.85625993786485, 'p95': 4.419653990053909} self initial mm 0
voltage_5.0 PASS roll 4.0 pitch 2.3 power {'mean': 1.2997610437399667, 'max': 31.47218871555879, 'p95': 4.396719602339626} self initial mm 0
voltage_5.5 PASS roll 4.12 pitch 2.3 power {'mean': 1.3034094792143796, 'max': 33.72929558508756, 'p95': 4.3976824235829355} self initial mm 0
voltage_6.0 PASS roll 4.24 pitch 2.3 power {'mean': 1.307797097318215, 'max': 35.62979920903849, 'p95': 4.426409312911933} self initial mm 0
servos_self_parts INVALID_INITIAL_CONTACT_MODEL roll 86.01 pitch 15.06 power {'mean': 12.0659605717578, 'max': 86.38681217385408, 'p95': 44.319702358308405} self initial mm 19.039408597568624
servos_self_vhacd INVALID_INITIAL_CONTACT_MODEL roll 40.6 pitch 10.58 power {'mean': 1.5778814570254343, 'max': 9.034086919466857, 'p95': 6.426980857213277} self initial mm 13.783456361322473
SCENARIO RESULTS: {'FAIL': 2, 'FALL': 2, 'INVALID_INITIAL_CONTACT_MODEL': 8, 'NUMERICAL_FAILURE': 1, 'PASS': 58}
