
$ c++ -std=c++17 -include tools/tests/firmware_stubs/Arduino.h -I tools/tests/firmware_stubs -I firmware/src -I firmware/.pio/libdeps/esp32dev/ArduinoJson/src tools/tests/firmware_contract_test.cpp -o /var/folders/7t/5_nqyj9d1wg_lwtjr_gw9x600000gn/T/tachikoma-firmware-tests-0cbh6yj7/contract

$ /var/folders/7t/5_nqyj9d1wg_lwtjr_gw9x600000gn/T/tachikoma-firmware-tests-0cbh6yj7/contract
PASS: IK rejects non-finite inputs without mutating output
PASS: calibration query validation cannot turn malformed text into a servo endpoint
PASS: malformed command rejection, atomic frame validation, partial updates do not re-enable
PASS: boot full-off, actual sequential neutral pulses, unused camera channel, disabled latch
PASS: real low-voltage latch stops calibration PWM and cannot restart itself
PASS: calibration also obeys rest and re-enable uses sequential start
PASS: front leg slew exit keeps both arms in retreat (actual PWM output)
PASS: 10000 changing-command frames keep finite angles and leg yaw constraints
PASS: trim update during NVS write remains pending and is saved next time

$ c++ -std=c++17 -include tools/tests/firmware_stubs/Arduino.h -I tools/tests/firmware_stubs -I firmware/src -I firmware/.pio/libdeps/esp32dev/ArduinoJson/src tools/tests/firmware_audio_test.cpp -o /var/folders/7t/5_nqyj9d1wg_lwtjr_gw9x600000gn/T/tachikoma-firmware-tests-0cbh6yj7/audio

$ /var/folders/7t/5_nqyj9d1wg_lwtjr_gw9x600000gn/T/tachikoma-firmware-tests-0cbh6yj7/audio
PASS: I2S uses DMA32 to avoid mono16 FIFO reordering; 64 BCLK per WS frame
PASS: rejected second connection cannot reset the active playback
PASS: overflow/wrap/read sizes retain PCM16 sample boundaries; odd frames rejected
PASS: partial I2S writes preserve remaining PCM; drain waits until DMA tail is played
PASS: signed DMA32 samples become PCM16 in the original time order
PASS: old playback completion/error cannot reset or consume a newly begun session
PASS: stalled I2S output aborts playback instead of permanently blocking PTT
PASS: owner disconnect clears playback; I2S reset is deferred to audio task

$ c++ -std=c++17 -include tools/tests/firmware_stubs/Arduino.h -I tools/tests/firmware_stubs -I firmware/src -I firmware/.pio/libdeps/esp32dev/ArduinoJson/src tools/tests/firmware_fault_test.cpp -o /var/folders/7t/5_nqyj9d1wg_lwtjr_gw9x600000gn/T/tachikoma-firmware-tests-0cbh6yj7/fault

$ /var/folders/7t/5_nqyj9d1wg_lwtjr_gw9x600000gn/T/tachikoma-firmware-tests-0cbh6yj7/fault
PASS: normal boot requires an explicit start command
PASS: detected battery loss latches after 3s, recovery cannot re-arm, USB-only calibration remains available
PASS: absent PCA at boot blocks both boards and cannot auto-restart on reconnection
PASS: one failed PWM write immediately full-offs both boards and latches fault
PASS: healthy PCA stops during bus loss, failed full-off is retried when other PCA reconnects
PASS: unexpected PCA configuration reset is detected and stops output

$ c++ -std=c++17 -include tools/tests/firmware_stubs/Arduino.h -I tools/tests/firmware_stubs -I firmware/src -I firmware/.pio/libdeps/esp32dev/ArduinoJson/src tools/tests/firmware_main_test.cpp -o /var/folders/7t/5_nqyj9d1wg_lwtjr_gw9x600000gn/T/tachikoma-firmware-tests-0cbh6yj7/main
