test_asymmetric_internal_cut_keeps_original_reference_frame (tools.tests.test_render_contracts.RenderContracts.test_asymmetric_internal_cut_keeps_original_reference_frame) ... ok
test_failed_ik_does_not_render_invented_pose (tools.tests.test_render_contracts.RenderContracts.test_failed_ik_does_not_render_invented_pose) ... ok
test_foot_render_matches_projected_workspace_at_height_limits (tools.tests.test_render_contracts.RenderContracts.test_foot_render_matches_projected_workspace_at_height_limits) ... ok
test_head_shell_follows_config_and_matches_child_frame (tools.tests.test_render_contracts.RenderContracts.test_head_shell_follows_config_and_matches_child_frame) ... FAIL
test_holding_is_independent_of_gait_phase (tools.tests.test_render_contracts.RenderContracts.test_holding_is_independent_of_gait_phase) ... ok
test_mirrored_arm_retains_outward_winding (tools.tests.test_render_contracts.RenderContracts.test_mirrored_arm_retains_outward_winding) ... ok
test_previews_share_current_holding_pose (tools.tests.test_render_contracts.RenderContracts.test_previews_share_current_holding_pose) ... ok
test_replaced_stl_refreshes_in_same_process (tools.tests.test_render_contracts.RenderContracts.test_replaced_stl_refreshes_in_same_process) ... ok
test_conflicting_duplicate_refuses_entire_batch (tools.tests.test_extract_meshes.ExtractMeshesTests.test_conflicting_duplicate_refuses_entire_batch) ... ok
test_existing_part_is_not_overwritten (tools.tests.test_extract_meshes.ExtractMeshesTests.test_existing_part_is_not_overwritten) ... ok
test_meaningful_part_number_is_preserved (tools.tests.test_extract_meshes.ExtractMeshesTests.test_meaningful_part_number_is_preserved) ... ok
test_xml_attribute_order_single_quotes_and_units (tools.tests.test_extract_meshes.ExtractMeshesTests.test_xml_attribute_order_single_quotes_and_units) ... ok

======================================================================
FAIL: test_head_shell_follows_config_and_matches_child_frame (tools.tests.test_render_contracts.RenderContracts.test_head_shell_follows_config_and_matches_child_frame)
----------------------------------------------------------------------
Traceback (most recent call last):
  File "/Users/uratayuuki/Documents/Tachikoma/tools/tests/test_render_contracts.py", line 29, in test_head_shell_follows_config_and_matches_child_frame
    np.testing.assert_allclose(K.trans(*p.t) @ p.R, frame, atol=1e-9)
  File "/Users/uratayuuki/Documents/Tachikoma/.venv/lib/python3.11/site-packages/numpy/testing/_private/utils.py", line 1768, in assert_allclose
    assert_array_compare(compare, actual, desired, err_msg=str(err_msg),
  File "/Users/uratayuuki/Documents/Tachikoma/.venv/lib/python3.11/site-packages/numpy/testing/_private/utils.py", line 983, in assert_array_compare
    raise AssertionError(msg)
AssertionError: 
Not equal to tolerance rtol=1e-07, atol=1e-09

Mismatched elements: 1 / 16 (6.25%)
Mismatch at index:
 [2, 3]: 57.7 (ACTUAL), 85.30000000000001 (DESIRED)
Max absolute difference among violations: 27.6
Max relative difference among violations: 0.32356389
 ACTUAL: array([[-1.000000e+00, -1.224647e-16,  0.000000e+00,  0.000000e+00],
       [ 1.224647e-16, -1.000000e+00,  0.000000e+00,  1.100000e+01],
       [ 0.000000e+00,  0.000000e+00,  1.000000e+00,  5.770000e+01],
       [ 0.000000e+00,  0.000000e+00,  0.000000e+00,  1.000000e+00]])
 DESIRED: array([[-1.000000e+00, -1.224647e-16,  0.000000e+00,  0.000000e+00],
       [ 1.224647e-16, -1.000000e+00,  0.000000e+00,  1.100000e+01],
       [ 0.000000e+00,  0.000000e+00,  1.000000e+00,  8.530000e+01],
       [ 0.000000e+00,  0.000000e+00,  0.000000e+00,  1.000000e+00]])

----------------------------------------------------------------------
Ran 12 tests in 0.130s

FAILED (failures=1)
Peg                                              10.0 x   10.0 x   10.0 mm  watertight=True
